#
# There is insufficient memory for the Java Runtime Environment to continue.
# Native memory allocation (malloc) failed to allocate 409376 bytes. Error detail: Chunk::new
# Possible reasons:
#   The system is out of physical RAM or swap space
#   This process is running with CompressedOops enabled, and the Java Heap may be blocking the growth of the native heap
# Possible solutions:
#   Reduce memory load on the system
#   Increase physical memory or swap space
#   Check if swap backing store is full
#   Decrease Java heap size (-Xmx/-Xms)
#   Decrease number of Java threads
#   Decrease Java thread stack sizes (-Xss)
#   Set larger code cache with -XX:ReservedCodeCacheSize=
#   JVM is running with Unscaled Compressed Oops mode in which the Java heap is
#     placed in the first 4GB address space. The Java Heap base address is the
#     maximum limit for the native heap growth. Please use -XX:HeapBaseMinAddress
#     to set the Java Heap base and to place the Java Heap above 4GB virtual address.
# This output file may be truncated or incomplete.
#
#  Out of Memory Error (arena.cpp:168), pid=4344, tid=4376
#
# JRE version: OpenJDK Runtime Environment Temurin-21.0.10+7 (21.0.10+7) (build 21.0.10+7-LTS)
# Java VM: OpenJDK 64-Bit Server VM Temurin-21.0.10+7 (21.0.10+7-LTS, mixed mode, sharing, tiered, compressed oops, compressed class ptrs, parallel gc, windows-amd64)
# No core dump will be written. Minidumps are not enabled by default on client versions of Windows
#

---------------  S U M M A R Y ------------

Command Line: --add-modules=ALL-SYSTEM --add-opens=java.base/java.util=ALL-UNNAMED --add-opens=java.base/java.lang=ALL-UNNAMED --add-opens=java.base/sun.nio.fs=ALL-UNNAMED -Declipse.application=org.eclipse.jdt.ls.core.id1 -Dosgi.bundles.defaultStartLevel=4 -Declipse.product=org.eclipse.jdt.ls.core.product -Djava.import.generatesMetadataFilesAtProjectRoot=false -DDetectVMInstallationsJob.disabled=true -Dfile.encoding=utf8 -XX:+UseParallelGC -XX:GCTimeRatio=4 -XX:AdaptiveSizePolicyWeight=90 -Dsun.zip.disableMemoryMapping=true -Xmx2G -Xms100m -Xlog:disable -javaagent:c:\Users\rodri\.vscode\extensions\redhat.java-1.53.0-win32-x64\lombok\lombok-1.18.39-4050.jar c:\Users\rodri\.vscode\extensions\redhat.java-1.53.0-win32-x64\server\plugins\org.eclipse.equinox.launcher_1.7.100.v20251111-0406.jar -configuration c:\Users\rodri\AppData\Roaming\Code\User\globalStorage\redhat.java\1.53.0\config_ss_win -data c:\Users\rodri\AppData\Roaming\Code\User\workspaceStorage\2f4398470e1372773424d0561db5a0bb\redhat.java\ss_ws --pipe=\\.\pipe\lsp-99f862b0d82354a581a60befb84c2f25-sock

Host: 11th Gen Intel(R) Core(TM) i5-1135G7 @ 2.40GHz, 8 cores, 7G,  Windows 11 , 64 bit Build 26100 (10.0.26100.7705)
Time: Thu Mar 12 09:33:08 2026 Hora Padrão de Buenos Aires elapsed time: 70.638450 seconds (0d 0h 1m 10s)

---------------  T H R E A D  ---------------

Current thread (0x000001d013664ff0):  JavaThread "C2 CompilerThread2" daemon [_thread_in_native, id=4376, stack(0x000000b8dd200000,0x000000b8dd300000) (1024K)]


Current CompileTask:
C2:70639 5858       4       jdk.internal.org.objectweb.asm.SymbolTable::addConstantMemberReference (147 bytes)

Stack: [0x000000b8dd200000,0x000000b8dd300000]
Native frames: (J=compiled Java code, j=interpreted, Vv=VM code, C=native code)
V  [jvm.dll+0x6d7a39]
V  [jvm.dll+0x8b4b26]
V  [jvm.dll+0x8b70de]
V  [jvm.dll+0x8b77c3]
V  [jvm.dll+0x284346]
V  [jvm.dll+0xc66ed]
V  [jvm.dll+0xc6c31]
V  [jvm.dll+0x2fb29e]
V  [jvm.dll+0x5fe884]
V  [jvm.dll+0x255b17]
V  [jvm.dll+0x255edd]
V  [jvm.dll+0x24e500]
V  [jvm.dll+0x24ba42]
V  [jvm.dll+0x1cb34e]
V  [jvm.dll+0x25b85d]
V  [jvm.dll+0x259dea]
V  [jvm.dll+0x3f857e]
V  [jvm.dll+0x85f59d]
V  [jvm.dll+0x6d626d]
C  [ucrtbase.dll+0x37b0]
C  [KERNEL32.DLL+0x2e8d7]
C  [ntdll.dll+0x8c40c]


---------------  P R O C E S S  ---------------

Threads class SMR info:
_java_thread_list=0x000001cfb34bf2d0, length=39, elements={
0x000001cfb58237c0, 0x000001cfb5798400, 0x000001cfb58dd780, 0x000001cfb579c280,
0x000001cfb57a3a20, 0x000001cfb57a40b0, 0x000001cfb57a2d00, 0x000001cfb57a95d0,
0x000001d00eaf41e0, 0x000001cfb57a4740, 0x000001cfb57a12c0, 0x000001cfb57a1950,
0x000001cfb57a3390, 0x000001cfb57a1fe0, 0x000001cfb57a2670, 0x000001d013b10000,
0x000001d013b12df0, 0x000001d013b113b0, 0x000001d013b11a40, 0x000001d013b13480,
0x000001d013b13b10, 0x000001d013b120d0, 0x000001d013b10690, 0x000001d013b141a0,
0x000001d013b10d20, 0x000001d013b17620, 0x000001d013b14830, 0x000001d013b14ec0,
0x000001d013b16270, 0x000001d013b16900, 0x000001d013b15550, 0x000001d013b16f90,
0x000001d013b15be0, 0x000001d013aac890, 0x000001d013aafd10, 0x000001d013aae2d0,
0x000001d013ab03a0, 0x000001d013666460, 0x000001d013664ff0
}

Java Threads: ( => current thread )
  0x000001cfb58237c0 JavaThread "main"                              [_thread_blocked, id=11192, stack(0x000000b8da300000,0x000000b8da400000) (1024K)]
  0x000001cfb5798400 JavaThread "Reference Handler"          daemon [_thread_blocked, id=14936, stack(0x000000b8da700000,0x000000b8da800000) (1024K)]
  0x000001cfb58dd780 JavaThread "Finalizer"                  daemon [_thread_blocked, id=18744, stack(0x000000b8da800000,0x000000b8da900000) (1024K)]
  0x000001cfb579c280 JavaThread "Signal Dispatcher"          daemon [_thread_blocked, id=10724, stack(0x000000b8da900000,0x000000b8daa00000) (1024K)]
  0x000001cfb57a3a20 JavaThread "Attach Listener"            daemon [_thread_blocked, id=10516, stack(0x000000b8daa00000,0x000000b8dab00000) (1024K)]
  0x000001cfb57a40b0 JavaThread "Service Thread"             daemon [_thread_blocked, id=11976, stack(0x000000b8dab00000,0x000000b8dac00000) (1024K)]
  0x000001cfb57a2d00 JavaThread "Monitor Deflation Thread"   daemon [_thread_blocked, id=15348, stack(0x000000b8dac00000,0x000000b8dad00000) (1024K)]
  0x000001cfb57a95d0 JavaThread "C2 CompilerThread0"         daemon [_thread_in_native, id=6604, stack(0x000000b8dad00000,0x000000b8dae00000) (1024K)]
  0x000001d00eaf41e0 JavaThread "C1 CompilerThread0"         daemon [_thread_blocked, id=18980, stack(0x000000b8dae00000,0x000000b8daf00000) (1024K)]
  0x000001cfb57a4740 JavaThread "Common-Cleaner"             daemon [_thread_blocked, id=18136, stack(0x000000b8db000000,0x000000b8db100000) (1024K)]
  0x000001cfb57a12c0 JavaThread "Notification Thread"        daemon [_thread_blocked, id=18396, stack(0x000000b8daf00000,0x000000b8db000000) (1024K)]
  0x000001cfb57a1950 JavaThread "Active Thread: Equinox Container: 7ab2d5e9-7b3e-4877-92b6-2ee89ee26148"        [_thread_blocked, id=3684, stack(0x000000b8db900000,0x000000b8dba00000) (1024K)]
  0x000001cfb57a3390 JavaThread "Framework Event Dispatcher: Equinox Container: 7ab2d5e9-7b3e-4877-92b6-2ee89ee26148" daemon [_thread_blocked, id=14124, stack(0x000000b8db700000,0x000000b8db800000) (1024K)]
  0x000001cfb57a1fe0 JavaThread "Start Level: Equinox Container: 7ab2d5e9-7b3e-4877-92b6-2ee89ee26148" daemon [_thread_blocked, id=18688, stack(0x000000b8db800000,0x000000b8db900000) (1024K)]
  0x000001cfb57a2670 JavaThread "SCR Component Actor"        daemon [_thread_blocked, id=3168, stack(0x000000b8dbb00000,0x000000b8dbc00000) (1024K)]
  0x000001d013b10000 JavaThread "Worker-JM"                         [_thread_blocked, id=6204, stack(0x000000b8dbc00000,0x000000b8dbd00000) (1024K)]
  0x000001d013b12df0 JavaThread "JNA Cleaner"                daemon [_thread_blocked, id=2032, stack(0x000000b8dbd00000,0x000000b8dbe00000) (1024K)]
  0x000001d013b113b0 JavaThread "Worker-0: Shutdown..."             [_thread_in_native, id=14164, stack(0x000000b8dbe00000,0x000000b8dbf00000) (1024K)]
  0x000001d013b11a40 JavaThread "Worker-1"                          [_thread_blocked, id=11716, stack(0x000000b8dbf00000,0x000000b8dc000000) (1024K)]
  0x000001d013b13480 JavaThread "Thread-1"                   daemon [_thread_in_native, id=17756, stack(0x000000b8dc400000,0x000000b8dc500000) (1024K)]
  0x000001d013b13b10 JavaThread "Thread-2"                   daemon [_thread_in_native, id=20300, stack(0x000000b8dc500000,0x000000b8dc600000) (1024K)]
  0x000001d013b120d0 JavaThread "Thread-3"                   daemon [_thread_in_native, id=14596, stack(0x000000b8dc600000,0x000000b8dc700000) (1024K)]
  0x000001d013b10690 JavaThread "Thread-4"                   daemon [_thread_in_native, id=18528, stack(0x000000b8dc700000,0x000000b8dc800000) (1024K)]
  0x000001d013b141a0 JavaThread "Thread-5"                   daemon [_thread_in_native, id=11600, stack(0x000000b8dc800000,0x000000b8dc900000) (1024K)]
  0x000001d013b10d20 JavaThread "Thread-6"                   daemon [_thread_in_native, id=10656, stack(0x000000b8dc900000,0x000000b8dca00000) (1024K)]
  0x000001d013b17620 JavaThread "Thread-7"                   daemon [_thread_in_native, id=8432, stack(0x000000b8dca00000,0x000000b8dcb00000) (1024K)]
  0x000001d013b14830 JavaThread "Thread-8"                   daemon [_thread_in_native, id=1388, stack(0x000000b8dcb00000,0x000000b8dcc00000) (1024K)]
  0x000001d013b14ec0 JavaThread "Thread-9"                   daemon [_thread_in_native, id=14244, stack(0x000000b8dcc00000,0x000000b8dcd00000) (1024K)]
  0x000001d013b16270 JavaThread "pool-2-thread-1"                   [_thread_blocked, id=11392, stack(0x000000b8dcd00000,0x000000b8dce00000) (1024K)]
  0x000001d013b16900 JavaThread "WorkspaceEventsHandler"            [_thread_blocked, id=16600, stack(0x000000b8dce00000,0x000000b8dcf00000) (1024K)]
  0x000001d013b15550 JavaThread "pool-1-thread-1"                   [_thread_blocked, id=21424, stack(0x000000b8dcf00000,0x000000b8dd000000) (1024K)]
  0x000001d013b16f90 JavaThread "ForkJoinPool.commonPool-worker-1" daemon [_thread_blocked, id=20032, stack(0x000000b8dc000000,0x000000b8dc100000) (1024K)]
  0x000001d013b15be0 JavaThread "ForkJoinPool.commonPool-worker-2" daemon [_thread_blocked, id=2548, stack(0x000000b8dc100000,0x000000b8dc200000) (1024K)]
  0x000001d013aac890 JavaThread "ForkJoinPool.commonPool-worker-3" daemon [_thread_blocked, id=16668, stack(0x000000b8dd000000,0x000000b8dd100000) (1024K)]
  0x000001d013aafd10 JavaThread "ForkJoinPool.commonPool-worker-4" daemon [_thread_blocked, id=2228, stack(0x000000b8dd100000,0x000000b8dd200000) (1024K)]
  0x000001d013aae2d0 JavaThread "Worker-2"                          [_thread_blocked, id=20220, stack(0x000000b8da000000,0x000000b8da100000) (1024K)]
  0x000001d013ab03a0 JavaThread "pool-3-thread-1"                   [_thread_blocked, id=10264, stack(0x000000b8da100000,0x000000b8da200000) (1024K)]
  0x000001d013666460 JavaThread "C2 CompilerThread1"         daemon [_thread_blocked, id=10884, stack(0x000000b8da200000,0x000000b8da300000) (1024K)]
=>0x000001d013664ff0 JavaThread "C2 CompilerThread2"         daemon [_thread_in_native, id=4376, stack(0x000000b8dd200000,0x000000b8dd300000) (1024K)]
Total: 39

Other Threads:
  0x000001cfb58c4f80 VMThread "VM Thread"                           [id=16424, stack(0x000000b8da600000,0x000000b8da700000) (1024K)]
  0x000001cfb56ac7e0 WatcherThread "VM Periodic Task Thread"        [id=3888, stack(0x000000b8da500000,0x000000b8da600000) (1024K)]
  0x000001cfb58422d0 WorkerThread "GC Thread#0"                     [id=20496, stack(0x000000b8da400000,0x000000b8da500000) (1024K)]
  0x000001d0136bcbe0 WorkerThread "GC Thread#1"                     [id=9376, stack(0x000000b8db100000,0x000000b8db200000) (1024K)]
  0x000001d0134742c0 WorkerThread "GC Thread#2"                     [id=19508, stack(0x000000b8db200000,0x000000b8db300000) (1024K)]
  0x000001d013474670 WorkerThread "GC Thread#3"                     [id=19936, stack(0x000000b8db300000,0x000000b8db400000) (1024K)]
  0x000001d013474a20 WorkerThread "GC Thread#4"                     [id=21444, stack(0x000000b8db400000,0x000000b8db500000) (1024K)]
  0x000001d0135c3200 WorkerThread "GC Thread#5"                     [id=14348, stack(0x000000b8db500000,0x000000b8db600000) (1024K)]
  0x000001d0135c35b0 WorkerThread "GC Thread#6"                     [id=18120, stack(0x000000b8db600000,0x000000b8db700000) (1024K)]
  0x000001d013409fc0 WorkerThread "GC Thread#7"                     [id=21464, stack(0x000000b8dba00000,0x000000b8dbb00000) (1024K)]
Total: 10

Threads with active compile tasks:
C2 CompilerThread0  70689 5820   !   4       org.eclipse.osgi.internal.loader.BundleLoader::findRequiredSource (283 bytes)
C2 CompilerThread2  70690 5858       4       jdk.internal.org.objectweb.asm.SymbolTable::addConstantMemberReference (147 bytes)
Total: 2

VM state: not at safepoint (normal execution)

VM Mutex/Monitor currently owned by a thread: None

Heap address: 0x0000000080000000, size: 2048 MB, Compressed Oops mode: 32-bit

CDS archive(s) mapped at: [0x000001cfcd000000-0x000001cfcdba0000-0x000001cfcdba0000), size 12189696, SharedBaseAddress: 0x000001cfcd000000, ArchiveRelocationMode: 1.
Compressed class space mapped at: 0x000001cfce000000-0x000001d00e000000, reserved size: 1073741824
Narrow klass base: 0x000001cfcd000000, Narrow klass shift: 0, Narrow klass range: 0x100000000

GC Precious Log:
 CardTable entry size: 512
 CPUs: 8 total, 8 available
 Memory: 7971M
 Large Page Support: Disabled
 NUMA Support: Disabled
 Compressed Oops: Enabled (32-bit)
 Alignments: Space 512K, Generation 512K, Heap 2M
 Heap Min Capacity: 100M
 Heap Initial Capacity: 100M
 Heap Max Capacity: 2G
 Pre-touch: Disabled
 Parallel Workers: 8

Heap:
 PSYoungGen      total 22016K, used 9978K [0x00000000d5580000, 0x00000000d6c80000, 0x0000000100000000)
  eden space 20480K, 42% used [0x00000000d5580000,0x00000000d5e14540,0x00000000d6980000)
  from space 1536K, 77% used [0x00000000d6980000,0x00000000d6aaa498,0x00000000d6b00000)
  to   space 1536K, 0% used [0x00000000d6b00000,0x00000000d6b00000,0x00000000d6c80000)
 ParOldGen       total 68608K, used 31050K [0x0000000080000000, 0x0000000084300000, 0x00000000d5580000)
  object space 68608K, 45% used [0x0000000080000000,0x0000000081e52aa0,0x0000000084300000)
 Metaspace       used 42857K, committed 43840K, reserved 1114112K
  class space    used 4352K, committed 4800K, reserved 1048576K

Card table byte_map: [0x000001cfb51c0000,0x000001cfb55d0000] _byte_map_base: 0x000001cfb4dc0000

Marking Bits: (ParMarkBitMap*) 0x00007ff90a993450
 Begin Bits: [0x000001cfc7cd0000, 0x000001cfc9cd0000)
 End Bits:   [0x000001cfc9cd0000, 0x000001cfcbcd0000)

Polling page: 0x000001cfb3610000

Metaspace:

Usage:
  Non-class:     37.60 MB used.
      Class:      4.25 MB used.
       Both:     41.85 MB used.

Virtual space:
  Non-class space:       64.00 MB reserved,      38.12 MB ( 60%) committed,  1 nodes.
      Class space:        1.00 GB reserved,       4.69 MB ( <1%) committed,  1 nodes.
             Both:        1.06 GB reserved,      42.81 MB (  4%) committed. 

Chunk freelists:
   Non-Class:  9.56 MB
       Class:  11.13 MB
        Both:  20.69 MB

MaxMetaspaceSize: unlimited
CompressedClassSpaceSize: 1.00 GB
Initial GC threshold: 21.00 MB
Current GC threshold: 58.38 MB
CDS: on
 - commit_granule_bytes: 65536.
 - commit_granule_words: 8192.
 - virtual_space_node_default_size: 8388608.
 - enlarge_chunks_in_place: 1.
 - use_allocation_guard: 0.


Internal statistics:

num_allocs_failed_limit: 6.
num_arena_births: 966.
num_arena_deaths: 176.
num_vsnodes_births: 2.
num_vsnodes_deaths: 0.
num_space_committed: 685.
num_space_uncommitted: 0.
num_chunks_returned_to_freelist: 253.
num_chunks_taken_from_freelist: 2957.
num_chunk_merges: 100.
num_chunk_splits: 1782.
num_chunks_enlarged: 1037.
num_inconsistent_stats: 0.

CodeHeap 'non-profiled nmethods': size=120000Kb used=3586Kb max_used=3586Kb free=116413Kb
 bounds [0x000001cfc04f0000, 0x000001cfc0880000, 0x000001cfc7a20000]
CodeHeap 'profiled nmethods': size=120000Kb used=11640Kb max_used=11640Kb free=108359Kb
 bounds [0x000001cfb8a20000, 0x000001cfb9580000, 0x000001cfbff50000]
CodeHeap 'non-nmethods': size=5760Kb used=1419Kb max_used=1492Kb free=4340Kb
 bounds [0x000001cfbff50000, 0x000001cfc01c0000, 0x000001cfc04f0000]
CodeCache: size=245760Kb, used=16645Kb, max_used=16718Kb, free=229112Kb
 total_blobs=6214, nmethods=5494, adapters=626, full_count=0
Compilation: enabled, stopped_count=0, restarted_count=0

Compilation events (20 events):
Event: 70.610 Thread 0x000001d00eaf41e0 5872       3       java.lang.invoke.VarHandleByteArrayAsShorts$ArrayHandle::set (39 bytes)
Event: 70.610 Thread 0x000001d00eaf41e0 nmethod 5872 0x000001cfb9579e10 code [0x000001cfb9579fe0, 0x000001cfb957a3b8]
Event: 70.611 Thread 0x000001d00eaf41e0 5873       3       jdk.internal.misc.Unsafe::putShortUnaligned (14 bytes)
Event: 70.611 Thread 0x000001d00eaf41e0 nmethod 5873 0x000001cfb957a590 code [0x000001cfb957a740, 0x000001cfb957a978]
Event: 70.611 Thread 0x000001d00eaf41e0 5869       3       java.io.DataOutputStream::writeUTF (7 bytes)
Event: 70.611 Thread 0x000001d00eaf41e0 nmethod 5869 0x000001cfb957aa90 code [0x000001cfb957ac40, 0x000001cfb957ad80]
Event: 70.611 Thread 0x000001d00eaf41e0 5870  s    3       java.io.DataOutputStream::write (16 bytes)
Event: 70.611 Thread 0x000001d00eaf41e0 nmethod 5870 0x000001cfb957ae10 code [0x000001cfb957afc0, 0x000001cfb957b308]
Event: 70.611 Thread 0x000001d00eaf41e0 5875       3       jdk.internal.util.ByteArray::setInt (10 bytes)
Event: 70.612 Thread 0x000001d00eaf41e0 nmethod 5875 0x000001cfb957b410 code [0x000001cfb957b600, 0x000001cfb957bb48]
Event: 70.613 Thread 0x000001d00eaf41e0 5878       3       org.eclipse.core.internal.resources.MarkerAttributeMap::getMap (11 bytes)
Event: 70.613 Thread 0x000001d00eaf41e0 nmethod 5878 0x000001cfb957bd90 code [0x000001cfb957bf40, 0x000001cfb957c180]
Event: 70.616 Thread 0x000001d00eaf41e0 5879       3       org.eclipse.core.internal.resources.SaveManager$$Lambda/0x000001cfce352710::visitElement (43 bytes)
Event: 70.616 Thread 0x000001d00eaf41e0 nmethod 5879 0x000001cfb957c290 code [0x000001cfb957c440, 0x000001cfb957c610]
Event: 70.616 Thread 0x000001d00eaf41e0 5880   !   3       org.eclipse.core.internal.resources.SaveManager::lambda$4 (137 bytes)
Event: 70.617 Thread 0x000001d00eaf41e0 nmethod 5880 0x000001cfb957c710 code [0x000001cfb957c940, 0x000001cfb957d030]
Event: 70.617 Thread 0x000001d00eaf41e0 5881       3       org.eclipse.core.internal.resources.MarkerManager::save (13 bytes)
Event: 70.617 Thread 0x000001d00eaf41e0 nmethod 5881 0x000001cfb957d490 code [0x000001cfb957d640, 0x000001cfb957d798]
Event: 70.626 Thread 0x000001d013666460 nmethod 5876 0x000001cfc086cd90 code [0x000001cfc086cfc0, 0x000001cfc086da18]
Event: 70.626 Thread 0x000001d013666460 5877       4       java.io.DataOutputStream::writeUTF (389 bytes)

GC Heap History (20 events):
Event: 29.350 GC heap before
{Heap before GC invocations=16 (full 1):
 PSYoungGen      total 23552K, used 23172K [0x00000000d5580000, 0x00000000d7000000, 0x0000000100000000)
  eden space 20992K, 100% used [0x00000000d5580000,0x00000000d6a00000,0x00000000d6a00000)
  from space 2560K, 85% used [0x00000000d6d80000,0x00000000d6fa1000,0x00000000d7000000)
  to   space 2560K, 0% used [0x00000000d6a00000,0x00000000d6a00000,0x00000000d6c80000)
 ParOldGen       total 68608K, used 22987K [0x0000000080000000, 0x0000000084300000, 0x00000000d5580000)
  object space 68608K, 33% used [0x0000000080000000,0x0000000081672d98,0x0000000084300000)
 Metaspace       used 32465K, committed 33536K, reserved 1114112K
  class space    used 3323K, committed 3776K, reserved 1048576K
}
Event: 29.355 GC heap after
{Heap after GC invocations=16 (full 1):
 PSYoungGen      total 23552K, used 2176K [0x00000000d5580000, 0x00000000d6f00000, 0x0000000100000000)
  eden space 20992K, 0% used [0x00000000d5580000,0x00000000d5580000,0x00000000d6a00000)
  from space 2560K, 85% used [0x00000000d6a00000,0x00000000d6c20010,0x00000000d6c80000)
  to   space 2560K, 0% used [0x00000000d6c80000,0x00000000d6c80000,0x00000000d6f00000)
 ParOldGen       total 68608K, used 24987K [0x0000000080000000, 0x0000000084300000, 0x00000000d5580000)
  object space 68608K, 36% used [0x0000000080000000,0x0000000081866e98,0x0000000084300000)
 Metaspace       used 32465K, committed 33536K, reserved 1114112K
  class space    used 3323K, committed 3776K, reserved 1048576K
}
Event: 29.436 GC heap before
{Heap before GC invocations=17 (full 1):
 PSYoungGen      total 23552K, used 23168K [0x00000000d5580000, 0x00000000d6f00000, 0x0000000100000000)
  eden space 20992K, 100% used [0x00000000d5580000,0x00000000d6a00000,0x00000000d6a00000)
  from space 2560K, 85% used [0x00000000d6a00000,0x00000000d6c20010,0x00000000d6c80000)
  to   space 2560K, 0% used [0x00000000d6c80000,0x00000000d6c80000,0x00000000d6f00000)
 ParOldGen       total 68608K, used 24987K [0x0000000080000000, 0x0000000084300000, 0x00000000d5580000)
  object space 68608K, 36% used [0x0000000080000000,0x0000000081866e98,0x0000000084300000)
 Metaspace       used 32551K, committed 33664K, reserved 1114112K
  class space    used 3325K, committed 3776K, reserved 1048576K
}
Event: 29.439 GC heap after
{Heap after GC invocations=17 (full 1):
 PSYoungGen      total 23552K, used 2008K [0x00000000d5580000, 0x00000000d6f00000, 0x0000000100000000)
  eden space 20992K, 0% used [0x00000000d5580000,0x00000000d5580000,0x00000000d6a00000)
  from space 2560K, 78% used [0x00000000d6c80000,0x00000000d6e76200,0x00000000d6f00000)
  to   space 2560K, 0% used [0x00000000d6a00000,0x00000000d6a00000,0x00000000d6c80000)
 ParOldGen       total 68608K, used 27067K [0x0000000080000000, 0x0000000084300000, 0x00000000d5580000)
  object space 68608K, 39% used [0x0000000080000000,0x0000000081a6eea8,0x0000000084300000)
 Metaspace       used 32551K, committed 33664K, reserved 1114112K
  class space    used 3325K, committed 3776K, reserved 1048576K
}
Event: 29.621 GC heap before
{Heap before GC invocations=18 (full 1):
 PSYoungGen      total 23552K, used 23000K [0x00000000d5580000, 0x00000000d6f00000, 0x0000000100000000)
  eden space 20992K, 100% used [0x00000000d5580000,0x00000000d6a00000,0x00000000d6a00000)
  from space 2560K, 78% used [0x00000000d6c80000,0x00000000d6e76200,0x00000000d6f00000)
  to   space 2560K, 0% used [0x00000000d6a00000,0x00000000d6a00000,0x00000000d6c80000)
 ParOldGen       total 68608K, used 27067K [0x0000000080000000, 0x0000000084300000, 0x00000000d5580000)
  object space 68608K, 39% used [0x0000000080000000,0x0000000081a6eea8,0x0000000084300000)
 Metaspace       used 33402K, committed 34432K, reserved 1114112K
  class space    used 3450K, committed 3904K, reserved 1048576K
}
Event: 29.625 GC heap after
{Heap after GC invocations=18 (full 1):
 PSYoungGen      total 23040K, used 1600K [0x00000000d5580000, 0x00000000d6e00000, 0x0000000100000000)
  eden space 20992K, 0% used [0x00000000d5580000,0x00000000d5580000,0x00000000d6a00000)
  from space 2048K, 78% used [0x00000000d6a00000,0x00000000d6b90000,0x00000000d6c00000)
  to   space 2048K, 0% used [0x00000000d6c00000,0x00000000d6c00000,0x00000000d6e00000)
 ParOldGen       total 68608K, used 28956K [0x0000000080000000, 0x0000000084300000, 0x00000000d5580000)
  object space 68608K, 42% used [0x0000000080000000,0x0000000081c470a8,0x0000000084300000)
 Metaspace       used 33402K, committed 34432K, reserved 1114112K
  class space    used 3450K, committed 3904K, reserved 1048576K
}
Event: 30.067 GC heap before
{Heap before GC invocations=19 (full 1):
 PSYoungGen      total 23040K, used 14925K [0x00000000d5580000, 0x00000000d6e00000, 0x0000000100000000)
  eden space 20992K, 63% used [0x00000000d5580000,0x00000000d6283730,0x00000000d6a00000)
  from space 2048K, 78% used [0x00000000d6a00000,0x00000000d6b90000,0x00000000d6c00000)
  to   space 2048K, 0% used [0x00000000d6c00000,0x00000000d6c00000,0x00000000d6e00000)
 ParOldGen       total 68608K, used 28956K [0x0000000080000000, 0x0000000084300000, 0x00000000d5580000)
  object space 68608K, 42% used [0x0000000080000000,0x0000000081c470a8,0x0000000084300000)
 Metaspace       used 34822K, committed 35840K, reserved 1114112K
  class space    used 3589K, committed 4032K, reserved 1048576K
}
Event: 30.070 GC heap after
{Heap after GC invocations=19 (full 1):
 PSYoungGen      total 22016K, used 623K [0x00000000d5580000, 0x00000000d6d00000, 0x0000000100000000)
  eden space 20992K, 0% used [0x00000000d5580000,0x00000000d5580000,0x00000000d6a00000)
  from space 1024K, 60% used [0x00000000d6c00000,0x00000000d6c9be00,0x00000000d6d00000)
  to   space 1024K, 0% used [0x00000000d6b00000,0x00000000d6b00000,0x00000000d6c00000)
 ParOldGen       total 68608K, used 30376K [0x0000000080000000, 0x0000000084300000, 0x00000000d5580000)
  object space 68608K, 44% used [0x0000000080000000,0x0000000081daa358,0x0000000084300000)
 Metaspace       used 34822K, committed 35840K, reserved 1114112K
  class space    used 3589K, committed 4032K, reserved 1048576K
}
Event: 30.070 GC heap before
{Heap before GC invocations=20 (full 2):
 PSYoungGen      total 22016K, used 623K [0x00000000d5580000, 0x00000000d6d00000, 0x0000000100000000)
  eden space 20992K, 0% used [0x00000000d5580000,0x00000000d5580000,0x00000000d6a00000)
  from space 1024K, 60% used [0x00000000d6c00000,0x00000000d6c9be00,0x00000000d6d00000)
  to   space 1024K, 0% used [0x00000000d6b00000,0x00000000d6b00000,0x00000000d6c00000)
 ParOldGen       total 68608K, used 30376K [0x0000000080000000, 0x0000000084300000, 0x00000000d5580000)
  object space 68608K, 44% used [0x0000000080000000,0x0000000081daa358,0x0000000084300000)
 Metaspace       used 34822K, committed 35840K, reserved 1114112K
  class space    used 3589K, committed 4032K, reserved 1048576K
}
Event: 30.138 GC heap after
{Heap after GC invocations=20 (full 2):
 PSYoungGen      total 22016K, used 0K [0x00000000d5580000, 0x00000000d6d00000, 0x0000000100000000)
  eden space 20992K, 0% used [0x00000000d5580000,0x00000000d5580000,0x00000000d6a00000)
  from space 1024K, 0% used [0x00000000d6c00000,0x00000000d6c00000,0x00000000d6d00000)
  to   space 1024K, 0% used [0x00000000d6b00000,0x00000000d6b00000,0x00000000d6c00000)
 ParOldGen       total 68608K, used 28810K [0x0000000080000000, 0x0000000084300000, 0x00000000d5580000)
  object space 68608K, 41% used [0x0000000080000000,0x0000000081c22930,0x0000000084300000)
 Metaspace       used 34679K, committed 35840K, reserved 1114112K
  class space    used 3548K, committed 4032K, reserved 1048576K
}
Event: 30.651 GC heap before
{Heap before GC invocations=21 (full 2):
 PSYoungGen      total 22016K, used 20992K [0x00000000d5580000, 0x00000000d6d00000, 0x0000000100000000)
  eden space 20992K, 100% used [0x00000000d5580000,0x00000000d6a00000,0x00000000d6a00000)
  from space 1024K, 0% used [0x00000000d6c00000,0x00000000d6c00000,0x00000000d6d00000)
  to   space 1024K, 0% used [0x00000000d6b00000,0x00000000d6b00000,0x00000000d6c00000)
 ParOldGen       total 68608K, used 28810K [0x0000000080000000, 0x0000000084300000, 0x00000000d5580000)
  object space 68608K, 41% used [0x0000000080000000,0x0000000081c22930,0x0000000084300000)
 Metaspace       used 35736K, committed 36736K, reserved 1114112K
  class space    used 3674K, committed 4096K, reserved 1048576K
}
Event: 30.652 GC heap after
{Heap after GC invocations=21 (full 2):
 PSYoungGen      total 21504K, used 448K [0x00000000d5580000, 0x00000000d6c80000, 0x0000000100000000)
  eden space 20992K, 0% used [0x00000000d5580000,0x00000000d5580000,0x00000000d6a00000)
  from space 512K, 87% used [0x00000000d6b00000,0x00000000d6b70000,0x00000000d6b80000)
  to   space 1024K, 0% used [0x00000000d6b80000,0x00000000d6b80000,0x00000000d6c80000)
 ParOldGen       total 68608K, used 28818K [0x0000000080000000, 0x0000000084300000, 0x00000000d5580000)
  object space 68608K, 42% used [0x0000000080000000,0x0000000081c24930,0x0000000084300000)
 Metaspace       used 35736K, committed 36736K, reserved 1114112K
  class space    used 3674K, committed 4096K, reserved 1048576K
}
Event: 31.026 GC heap before
{Heap before GC invocations=22 (full 2):
 PSYoungGen      total 21504K, used 21440K [0x00000000d5580000, 0x00000000d6c80000, 0x0000000100000000)
  eden space 20992K, 100% used [0x00000000d5580000,0x00000000d6a00000,0x00000000d6a00000)
  from space 512K, 87% used [0x00000000d6b00000,0x00000000d6b70000,0x00000000d6b80000)
  to   space 1024K, 0% used [0x00000000d6b80000,0x00000000d6b80000,0x00000000d6c80000)
 ParOldGen       total 68608K, used 28818K [0x0000000080000000, 0x0000000084300000, 0x00000000d5580000)
  object space 68608K, 42% used [0x0000000080000000,0x0000000081c24930,0x0000000084300000)
 Metaspace       used 37579K, committed 38592K, reserved 1114112K
  class space    used 3837K, committed 4288K, reserved 1048576K
}
Event: 31.028 GC heap after
{Heap after GC invocations=22 (full 2):
 PSYoungGen      total 21504K, used 992K [0x00000000d5580000, 0x00000000d6e00000, 0x0000000100000000)
  eden space 20480K, 0% used [0x00000000d5580000,0x00000000d5580000,0x00000000d6980000)
  from space 1024K, 96% used [0x00000000d6b80000,0x00000000d6c78208,0x00000000d6c80000)
  to   space 2048K, 0% used [0x00000000d6980000,0x00000000d6980000,0x00000000d6b80000)
 ParOldGen       total 68608K, used 29563K [0x0000000080000000, 0x0000000084300000, 0x00000000d5580000)
  object space 68608K, 43% used [0x0000000080000000,0x0000000081cdeea0,0x0000000084300000)
 Metaspace       used 37579K, committed 38592K, reserved 1114112K
  class space    used 3837K, committed 4288K, reserved 1048576K
}
Event: 31.144 GC heap before
{Heap before GC invocations=23 (full 2):
 PSYoungGen      total 21504K, used 21472K [0x00000000d5580000, 0x00000000d6e00000, 0x0000000100000000)
  eden space 20480K, 100% used [0x00000000d5580000,0x00000000d6980000,0x00000000d6980000)
  from space 1024K, 96% used [0x00000000d6b80000,0x00000000d6c78208,0x00000000d6c80000)
  to   space 2048K, 0% used [0x00000000d6980000,0x00000000d6980000,0x00000000d6b80000)
 ParOldGen       total 68608K, used 29563K [0x0000000080000000, 0x0000000084300000, 0x00000000d5580000)
  object space 68608K, 43% used [0x0000000080000000,0x0000000081cdeea0,0x0000000084300000)
 Metaspace       used 37595K, committed 38592K, reserved 1114112K
  class space    used 3837K, committed 4288K, reserved 1048576K
}
Event: 31.146 GC heap after
{Heap after GC invocations=23 (full 2):
 PSYoungGen      total 21504K, used 905K [0x00000000d5580000, 0x00000000d6c80000, 0x0000000100000000)
  eden space 20480K, 0% used [0x00000000d5580000,0x00000000d5580000,0x00000000d6980000)
  from space 1024K, 88% used [0x00000000d6980000,0x00000000d6a62720,0x00000000d6a80000)
  to   space 1536K, 0% used [0x00000000d6b00000,0x00000000d6b00000,0x00000000d6c80000)
 ParOldGen       total 68608K, used 30242K [0x0000000080000000, 0x0000000084300000, 0x00000000d5580000)
  object space 68608K, 44% used [0x0000000080000000,0x0000000081d88a50,0x0000000084300000)
 Metaspace       used 37595K, committed 38592K, reserved 1114112K
  class space    used 3837K, committed 4288K, reserved 1048576K
}
Event: 31.688 GC heap before
{Heap before GC invocations=24 (full 2):
 PSYoungGen      total 21504K, used 21381K [0x00000000d5580000, 0x00000000d6c80000, 0x0000000100000000)
  eden space 20480K, 99% used [0x00000000d5580000,0x00000000d697efb8,0x00000000d6980000)
  from space 1024K, 88% used [0x00000000d6980000,0x00000000d6a62720,0x00000000d6a80000)
  to   space 1536K, 0% used [0x00000000d6b00000,0x00000000d6b00000,0x00000000d6c80000)
 ParOldGen       total 68608K, used 30242K [0x0000000080000000, 0x0000000084300000, 0x00000000d5580000)
  object space 68608K, 44% used [0x0000000080000000,0x0000000081d88a50,0x0000000084300000)
 Metaspace       used 39811K, committed 40768K, reserved 1114112K
  class space    used 4036K, committed 4416K, reserved 1048576K
}
Event: 31.690 GC heap after
{Heap after GC invocations=24 (full 2):
 PSYoungGen      total 22016K, used 1023K [0x00000000d5580000, 0x00000000d6c80000, 0x0000000100000000)
  eden space 20480K, 0% used [0x00000000d5580000,0x00000000d5580000,0x00000000d6980000)
  from space 1536K, 66% used [0x00000000d6b00000,0x00000000d6bffe40,0x00000000d6c80000)
  to   space 1536K, 0% used [0x00000000d6980000,0x00000000d6980000,0x00000000d6b00000)
 ParOldGen       total 68608K, used 30258K [0x0000000080000000, 0x0000000084300000, 0x00000000d5580000)
  object space 68608K, 44% used [0x0000000080000000,0x0000000081d8ca50,0x0000000084300000)
 Metaspace       used 39811K, committed 40768K, reserved 1114112K
  class space    used 4036K, committed 4416K, reserved 1048576K
}
Event: 32.426 GC heap before
{Heap before GC invocations=25 (full 2):
 PSYoungGen      total 22016K, used 21503K [0x00000000d5580000, 0x00000000d6c80000, 0x0000000100000000)
  eden space 20480K, 100% used [0x00000000d5580000,0x00000000d6980000,0x00000000d6980000)
  from space 1536K, 66% used [0x00000000d6b00000,0x00000000d6bffe40,0x00000000d6c80000)
  to   space 1536K, 0% used [0x00000000d6980000,0x00000000d6980000,0x00000000d6b00000)
 ParOldGen       total 68608K, used 30258K [0x0000000080000000, 0x0000000084300000, 0x00000000d5580000)
  object space 68608K, 44% used [0x0000000080000000,0x0000000081d8ca50,0x0000000084300000)
 Metaspace       used 42416K, committed 43456K, reserved 1114112K
  class space    used 4310K, committed 4736K, reserved 1048576K
}
Event: 32.428 GC heap after
{Heap after GC invocations=25 (full 2):
 PSYoungGen      total 22016K, used 1193K [0x00000000d5580000, 0x00000000d6c80000, 0x0000000100000000)
  eden space 20480K, 0% used [0x00000000d5580000,0x00000000d5580000,0x00000000d6980000)
  from space 1536K, 77% used [0x00000000d6980000,0x00000000d6aaa498,0x00000000d6b00000)
  to   space 1536K, 0% used [0x00000000d6b00000,0x00000000d6b00000,0x00000000d6c80000)
 ParOldGen       total 68608K, used 31050K [0x0000000080000000, 0x0000000084300000, 0x00000000d5580000)
  object space 68608K, 45% used [0x0000000080000000,0x0000000081e52aa0,0x0000000084300000)
 Metaspace       used 42416K, committed 43456K, reserved 1114112K
  class space    used 4310K, committed 4736K, reserved 1048576K
}

Dll operation events (10 events):
Event: 0.131 Loaded shared library c:\Users\rodri\.vscode\extensions\redhat.java-1.53.0-win32-x64\jre\21.0.10-win32-x86_64\bin\java.dll
Event: 0.256 Loaded shared library c:\Users\rodri\.vscode\extensions\redhat.java-1.53.0-win32-x64\jre\21.0.10-win32-x86_64\bin\zip.dll
Event: 0.297 Loaded shared library C:\Users\rodri\.vscode\extensions\redhat.java-1.53.0-win32-x64\jre\21.0.10-win32-x86_64\bin\instrument.dll
Event: 0.677 Loaded shared library C:\Users\rodri\.vscode\extensions\redhat.java-1.53.0-win32-x64\jre\21.0.10-win32-x86_64\bin\net.dll
Event: 0.802 Loaded shared library C:\Users\rodri\.vscode\extensions\redhat.java-1.53.0-win32-x64\jre\21.0.10-win32-x86_64\bin\nio.dll
Event: 0.810 Loaded shared library C:\Users\rodri\.vscode\extensions\redhat.java-1.53.0-win32-x64\jre\21.0.10-win32-x86_64\bin\zip.dll
Event: 1.014 Loaded shared library C:\Users\rodri\.vscode\extensions\redhat.java-1.53.0-win32-x64\jre\21.0.10-win32-x86_64\bin\jimage.dll
Event: 1.246 Loaded shared library c:\Users\rodri\.vscode\extensions\redhat.java-1.53.0-win32-x64\jre\21.0.10-win32-x86_64\bin\verify.dll
Event: 23.441 Loaded shared library C:\Users\rodri\AppData\Roaming\Code\User\globalStorage\redhat.java\1.53.0\config_ss_win\org.eclipse.equinox.launcher\org.eclipse.equinox.launcher.win32.win32.x86_64_1.3.0.v20260203-2149\eclipse_11919.dll
Event: 25.251 Loaded shared library C:\Users\rodri\AppData\Local\Temp\jna--730031943\jna16064462661703107447.dll

Deoptimization events (20 events):
Event: 70.537 Thread 0x000001d013b113b0 Uncommon trap: trap_request=0xffffffde fr.pc=0x000001cfc05a67d4 relative=0x0000000000000814
Event: 70.537 Thread 0x000001d013b113b0 Uncommon trap: reason=class_check action=maybe_recompile pc=0x000001cfc05a67d4 method=java.util.HashMap.computeIfAbsent(Ljava/lang/Object;Ljava/util/function/Function;)Ljava/lang/Object; @ 188 c2
Event: 70.537 Thread 0x000001d013b113b0 DEOPT PACKING pc=0x000001cfc05a67d4 sp=0x000000b8dbefee80
Event: 70.537 Thread 0x000001d013b113b0 DEOPT UNPACKING pc=0x000001cfbffa6da2 sp=0x000000b8dbefee28 mode 2
Event: 70.549 Thread 0x000001d013b113b0 Uncommon trap: trap_request=0xffffff45 fr.pc=0x000001cfc050120c relative=0x00000000000001cc
Event: 70.549 Thread 0x000001d013b113b0 Uncommon trap: reason=unstable_if action=reinterpret pc=0x000001cfc050120c method=org.eclipse.core.runtime.Path.computeLength()I @ 52 c2
Event: 70.550 Thread 0x000001d013b113b0 DEOPT PACKING pc=0x000001cfc050120c sp=0x000000b8dbeff090
Event: 70.550 Thread 0x000001d013b113b0 DEOPT UNPACKING pc=0x000001cfbffa6da2 sp=0x000000b8dbeff008 mode 2
Event: 70.557 Thread 0x000001d013b113b0 Uncommon trap: trap_request=0xffffff45 fr.pc=0x000001cfc07a3988 relative=0x0000000000001228
Event: 70.557 Thread 0x000001d013b113b0 Uncommon trap: reason=unstable_if action=reinterpret pc=0x000001cfc07a3988 method=jdk.internal.org.objectweb.asm.Frame.push(I)V @ 26 c2
Event: 70.557 Thread 0x000001d013b113b0 DEOPT PACKING pc=0x000001cfc07a3988 sp=0x000000b8dbefd680
Event: 70.557 Thread 0x000001d013b113b0 DEOPT UNPACKING pc=0x000001cfbffa6da2 sp=0x000000b8dbefd568 mode 2
Event: 70.585 Thread 0x000001d013b113b0 Uncommon trap: trap_request=0xffffff45 fr.pc=0x000001cfc0700a74 relative=0x0000000000005d94
Event: 70.585 Thread 0x000001d013b113b0 Uncommon trap: reason=unstable_if action=reinterpret pc=0x000001cfc0700a74 method=java.lang.invoke.MethodType.genericMethodType(IZ)Ljava/lang/invoke/MethodType; @ 27 c2
Event: 70.585 Thread 0x000001d013b113b0 DEOPT PACKING pc=0x000001cfc0700a74 sp=0x000000b8dbefdbe0
Event: 70.585 Thread 0x000001d013b113b0 DEOPT UNPACKING pc=0x000001cfbffa6da2 sp=0x000000b8dbefda00 mode 2
Event: 70.585 Thread 0x000001d013b113b0 Uncommon trap: trap_request=0xffffff45 fr.pc=0x000001cfc067194c relative=0x00000000000001ac
Event: 70.585 Thread 0x000001d013b113b0 Uncommon trap: reason=unstable_if action=reinterpret pc=0x000001cfc067194c method=jdk.internal.org.objectweb.asm.Frame.push(I)V @ 26 c2
Event: 70.585 Thread 0x000001d013b113b0 DEOPT PACKING pc=0x000001cfc067194c sp=0x000000b8dbefd770
Event: 70.586 Thread 0x000001d013b113b0 DEOPT UNPACKING pc=0x000001cfbffa6da2 sp=0x000000b8dbefd708 mode 2

Classes loaded (20 events):
Event: 70.471 Loading class java/util/concurrent/ForkJoinTask$AdaptedCallable
Event: 70.471 Loading class java/util/concurrent/ForkJoinTask$AdaptedCallable done
Event: 70.482 Loading class java/util/stream/Nodes$CollectorTask$OfRef
Event: 70.483 Loading class java/util/stream/Nodes$CollectorTask
Event: 70.483 Loading class java/util/stream/Nodes$CollectorTask done
Event: 70.483 Loading class java/util/stream/Nodes$CollectorTask$OfRef done
Event: 70.484 Loading class java/util/function/LongFunction
Event: 70.484 Loading class java/util/function/LongFunction done
Event: 70.485 Loading class java/util/stream/Nodes$ConcNode
Event: 70.485 Loading class java/util/stream/Nodes$AbstractConcNode
Event: 70.485 Loading class java/util/stream/Nodes$AbstractConcNode done
Event: 70.485 Loading class java/util/stream/Nodes$ConcNode done
Event: 70.487 Loading class java/util/stream/Nodes$ToArrayTask$OfRef
Event: 70.487 Loading class java/util/stream/Nodes$ToArrayTask
Event: 70.487 Loading class java/util/stream/Nodes$ToArrayTask done
Event: 70.487 Loading class java/util/stream/Nodes$ToArrayTask$OfRef done
Event: 70.526 Loading class java/util/concurrent/Executors$DelegatedScheduledExecutorService
Event: 70.526 Loading class java/util/concurrent/Executors$DelegatedExecutorService
Event: 70.527 Loading class java/util/concurrent/Executors$DelegatedExecutorService done
Event: 70.527 Loading class java/util/concurrent/Executors$DelegatedScheduledExecutorService done

Classes unloaded (20 events):
Event: 30.084 Thread 0x000001cfb58c4f80 Unloading class 0x000001cfce381800 'java/lang/invoke/LambdaForm$MH+0x000001cfce381800'
Event: 30.084 Thread 0x000001cfb58c4f80 Unloading class 0x000001cfce382000 'java/lang/invoke/LambdaForm$MH+0x000001cfce382000'
Event: 30.084 Thread 0x000001cfb58c4f80 Unloading class 0x000001cfce381c00 'java/lang/invoke/LambdaForm$MH+0x000001cfce381c00'
Event: 30.084 Thread 0x000001cfb58c4f80 Unloading class 0x000001cfce381000 'java/lang/invoke/LambdaForm$MH+0x000001cfce381000'
Event: 30.084 Thread 0x000001cfb58c4f80 Unloading class 0x000001cfce380c00 'java/lang/invoke/LambdaForm$MH+0x000001cfce380c00'
Event: 30.084 Thread 0x000001cfb58c4f80 Unloading class 0x000001cfce380800 'java/lang/invoke/LambdaForm$MH+0x000001cfce380800'
Event: 30.084 Thread 0x000001cfb58c4f80 Unloading class 0x000001cfce380000 'java/lang/invoke/LambdaForm$MH+0x000001cfce380000'
Event: 30.084 Thread 0x000001cfb58c4f80 Unloading class 0x000001cfce36fc00 'java/lang/invoke/LambdaForm$MH+0x000001cfce36fc00'
Event: 30.084 Thread 0x000001cfb58c4f80 Unloading class 0x000001cfce36f800 'java/lang/invoke/LambdaForm$MH+0x000001cfce36f800'
Event: 30.084 Thread 0x000001cfb58c4f80 Unloading class 0x000001cfce36f000 'java/lang/invoke/LambdaForm$MH+0x000001cfce36f000'
Event: 30.084 Thread 0x000001cfb58c4f80 Unloading class 0x000001cfce36e800 'java/lang/invoke/LambdaForm$MH+0x000001cfce36e800'
Event: 30.084 Thread 0x000001cfb58c4f80 Unloading class 0x000001cfce36ec00 'java/lang/invoke/LambdaForm$MH+0x000001cfce36ec00'
Event: 30.084 Thread 0x000001cfb58c4f80 Unloading class 0x000001cfce36e400 'java/lang/invoke/LambdaForm$MH+0x000001cfce36e400'
Event: 30.084 Thread 0x000001cfb58c4f80 Unloading class 0x000001cfce36e000 'java/lang/invoke/LambdaForm$MH+0x000001cfce36e000'
Event: 30.084 Thread 0x000001cfb58c4f80 Unloading class 0x000001cfce36dc00 'java/lang/invoke/LambdaForm$MH+0x000001cfce36dc00'
Event: 30.084 Thread 0x000001cfb58c4f80 Unloading class 0x000001cfce36d800 'java/lang/invoke/LambdaForm$MH+0x000001cfce36d800'
Event: 30.084 Thread 0x000001cfb58c4f80 Unloading class 0x000001cfce36d000 'java/lang/invoke/LambdaForm$DMH+0x000001cfce36d000'
Event: 30.084 Thread 0x000001cfb58c4f80 Unloading class 0x000001cfce36cc00 'java/lang/invoke/LambdaForm$DMH+0x000001cfce36cc00'
Event: 30.084 Thread 0x000001cfb58c4f80 Unloading class 0x000001cfce36c800 'java/lang/invoke/LambdaForm$DMH+0x000001cfce36c800'
Event: 30.084 Thread 0x000001cfb58c4f80 Unloading class 0x000001cfce36c400 'java/lang/invoke/LambdaForm$DMH+0x000001cfce36c400'

Classes redefined (0 events):
No events

Internal exceptions (20 events):
Event: 30.727 Thread 0x000001d013b16f90 Exception <a 'java/lang/NoSuchMethodError'{0x00000000d5977d18}: 'java.lang.Object java.lang.invoke.DirectMethodHandle$Holder.invokeSpecial(java.lang.Object, java.lang.Object, java.lang.Object, java.lang.Object, int, java.lang.Object, java.lang.Object)'> (0x00000000d5977d18) 
thrown [s\src\hotspot\share\interpreter\linkResolver.cpp, line 773]
Event: 30.727 Thread 0x000001d013b15be0 Exception <a 'java/lang/NoSuchMethodError'{0x00000000d59b5170}: 'java.lang.Object java.lang.invoke.DirectMethodHandle$Holder.invokeSpecial(java.lang.Object, java.lang.Object, java.lang.Object, java.lang.Object, int, java.lang.Object, java.lang.Object)'> (0x00000000d59b5170) 
thrown [s\src\hotspot\share\interpreter\linkResolver.cpp, line 773]
Event: 30.728 Thread 0x000001d013aafd10 Exception <a 'java/lang/NoSuchMethodError'{0x00000000d59e8b98}: 'java.lang.Object java.lang.invoke.DirectMethodHandle$Holder.invokeSpecial(java.lang.Object, java.lang.Object, java.lang.Object, java.lang.Object, int, java.lang.Object, java.lang.Object)'> (0x00000000d59e8b98) 
thrown [s\src\hotspot\share\interpreter\linkResolver.cpp, line 773]
Event: 31.340 Thread 0x000001d013b113b0 Exception <a 'java/lang/NoSuchMethodError'{0x00000000d631ec48}: 'java.lang.Object java.lang.invoke.DirectMethodHandle$Holder.invokeSpecial(java.lang.Object, java.lang.Object, int, long)'> (0x00000000d631ec48) 
thrown [s\src\hotspot\share\interpreter\linkResolver.cpp, line 773]
Event: 31.422 Thread 0x000001d013b15550 Exception <a 'java/lang/ClassNotFoundException'{0x00000000d63f1c38}: sun/util/logging/resources/spi/loggingProvider> (0x00000000d63f1c38) 
thrown [s\src\hotspot\share\classfile\systemDictionary.cpp, line 312]
Event: 31.439 Thread 0x000001d013b15550 Exception <a 'java/lang/IncompatibleClassChangeError'{0x00000000d6434dc0}: Found class java.lang.Object, but interface was expected> (0x00000000d6434dc0) 
thrown [s\src\hotspot\share\interpreter\linkResolver.cpp, line 840]
Event: 31.442 Thread 0x000001d013b15550 Exception <a 'java/lang/IncompatibleClassChangeError'{0x00000000d64442c0}: Found class java.lang.Object, but interface was expected> (0x00000000d64442c0) 
thrown [s\src\hotspot\share\interpreter\linkResolver.cpp, line 840]
Event: 31.509 Thread 0x000001d013aafd10 Exception <a 'java/lang/NoSuchMethodError'{0x00000000d66e8a48}: 'int java.lang.invoke.Invokers$Holder.invokeExact_MT(java.lang.Object, java.lang.Object)'> (0x00000000d66e8a48) 
thrown [s\src\hotspot\share\interpreter\linkResolver.cpp, line 773]
Event: 31.653 Thread 0x000001d013aafd10 Exception <a 'java/lang/NoSuchMethodError'{0x00000000d6891608}: 'int java.lang.invoke.DirectMethodHandle$Holder.invokeInterface(java.lang.Object, java.lang.Object)'> (0x00000000d6891608) 
thrown [s\src\hotspot\share\interpreter\linkResolver.cpp, line 773]
Event: 31.653 Thread 0x000001d013aafd10 Exception <a 'java/lang/IncompatibleClassChangeError'{0x00000000d6894b50}: Found class java.lang.Object, but interface was expected> (0x00000000d6894b50) 
thrown [s\src\hotspot\share\interpreter\linkResolver.cpp, line 840]
Event: 31.754 Thread 0x000001d013aafd10 Exception <a 'java/lang/NoSuchMethodError'{0x00000000d57a7c40}: 'int java.lang.invoke.DirectMethodHandle$Holder.invokeSpecialIFC(java.lang.Object, java.lang.Object, java.lang.Object)'> (0x00000000d57a7c40) 
thrown [s\src\hotspot\share\interpreter\linkResolver.cpp, line 773]
Event: 31.766 Thread 0x000001d013aafd10 Implicit null exception at 0x000001cfc07c0b5b to 0x000001cfc07c23a0
Event: 31.836 Thread 0x000001d013aafd10 Exception <a 'java/io/FileNotFoundException'{0x00000000d5a79008}> (0x00000000d5a79008) 
thrown [s\src\hotspot\share\prims\jni.cpp, line 520]
Event: 31.836 Thread 0x000001d013aafd10 Exception <a 'java/io/FileNotFoundException'{0x00000000d5a7a2f0}> (0x00000000d5a7a2f0) 
thrown [s\src\hotspot\share\prims\jni.cpp, line 520]
Event: 32.422 Thread 0x000001d013b11a40 Exception <a 'java/io/FileNotFoundException'{0x00000000d6958d08}> (0x00000000d6958d08) 
thrown [s\src\hotspot\share\prims\jni.cpp, line 520]
Event: 32.422 Thread 0x000001d013b11a40 Exception <a 'java/io/FileNotFoundException'{0x00000000d6959f98}> (0x00000000d6959f98) 
thrown [s\src\hotspot\share\prims\jni.cpp, line 520]
Event: 32.422 Thread 0x000001d013b11a40 Exception <a 'java/io/FileNotFoundException'{0x00000000d695ad48}> (0x00000000d695ad48) 
thrown [s\src\hotspot\share\prims\jni.cpp, line 520]
Event: 70.524 Thread 0x000001d013b15550 Exception <a 'java/lang/NoSuchMethodError'{0x00000000d5a1ebb8}: 'void java.lang.invoke.DirectMethodHandle$Holder.invokeInterface(java.lang.Object, java.lang.Object)'> (0x00000000d5a1ebb8) 
thrown [s\src\hotspot\share\interpreter\linkResolver.cpp, line 773]
Event: 70.531 Thread 0x000001d013b113b0 Exception <a 'java/io/FileNotFoundException'{0x00000000d5d0b5f0}> (0x00000000d5d0b5f0) 
thrown [s\src\hotspot\share\prims\jni.cpp, line 520]
Event: 70.585 Thread 0x000001d013b113b0 Exception <a 'java/lang/NoSuchMethodError'{0x00000000d5d67d38}: 'java.lang.Object java.lang.invoke.DirectMethodHandle$Holder.newInvokeSpecial(java.lang.Object, java.lang.Object, java.lang.Object, java.lang.Object, java.lang.Object, java.lang.Object, java.lang.Object, java.lang.Object, java.lang.Object, java.lang.Object)'> (0x00000000d5d67d38) 
thrown [s\src\hotspot\share\interpreter\linkResolver.cpp, line 773]

ZGC Phase Switch (0 events):
No events

VM Operations (20 events):
Event: 31.757 Executing non-safepoint VM operation: HandshakeAllThreads (Deoptimize)
Event: 31.757 Executing non-safepoint VM operation: HandshakeAllThreads (Deoptimize) done
Event: 32.227 Executing non-safepoint VM operation: HandshakeAllThreads (Deoptimize)
Event: 32.227 Executing non-safepoint VM operation: HandshakeAllThreads (Deoptimize) done
Event: 32.261 Executing safepoint VM operation: ICBufferFull
Event: 32.262 Executing safepoint VM operation: ICBufferFull done
Event: 32.426 Executing safepoint VM operation: ParallelGCFailedAllocation (Allocation Failure)
Event: 32.428 Executing safepoint VM operation: ParallelGCFailedAllocation (Allocation Failure) done
Event: 32.567 Executing safepoint VM operation: ICBufferFull
Event: 32.567 Executing safepoint VM operation: ICBufferFull done
Event: 33.570 Executing safepoint VM operation: Cleanup
Event: 33.570 Executing safepoint VM operation: Cleanup done
Event: 46.715 Executing safepoint VM operation: Cleanup
Event: 46.715 Executing safepoint VM operation: Cleanup done
Event: 60.369 Executing non-safepoint VM operation: HandshakeAllThreads (HandshakeForDeflation)
Event: 60.369 Executing non-safepoint VM operation: HandshakeAllThreads (HandshakeForDeflation) done
Event: 60.369 Executing non-safepoint VM operation: RendezvousGCThreads
Event: 60.369 Executing non-safepoint VM operation: RendezvousGCThreads done
Event: 70.492 Executing safepoint VM operation: Cleanup
Event: 70.522 Executing safepoint VM operation: Cleanup done

Memory protections (0 events):
No events

Nmethod flushes (20 events):
Event: 30.096 Thread 0x000001cfb58c4f80 flushing  nmethod 0x000001cfb8d59c90
Event: 30.096 Thread 0x000001cfb58c4f80 flushing  nmethod 0x000001cfb8d68190
Event: 30.096 Thread 0x000001cfb58c4f80 flushing  nmethod 0x000001cfb8d7e390
Event: 30.096 Thread 0x000001cfb58c4f80 flushing  nmethod 0x000001cfb8d7e690
Event: 30.096 Thread 0x000001cfb58c4f80 flushing  nmethod 0x000001cfb8d96410
Event: 30.096 Thread 0x000001cfb58c4f80 flushing  nmethod 0x000001cfb8d96790
Event: 30.096 Thread 0x000001cfb58c4f80 flushing  nmethod 0x000001cfb8dfbd10
Event: 30.096 Thread 0x000001cfb58c4f80 flushing  nmethod 0x000001cfb8e51410
Event: 30.096 Thread 0x000001cfb58c4f80 flushing  nmethod 0x000001cfb8e6f210
Event: 30.096 Thread 0x000001cfb58c4f80 flushing  nmethod 0x000001cfb8e6fc10
Event: 30.096 Thread 0x000001cfb58c4f80 flushing  nmethod 0x000001cfb8e76410
Event: 30.096 Thread 0x000001cfb58c4f80 flushing  nmethod 0x000001cfb8e90310
Event: 30.096 Thread 0x000001cfb58c4f80 flushing  nmethod 0x000001cfb8eb3290
Event: 30.096 Thread 0x000001cfb58c4f80 flushing  nmethod 0x000001cfb8eb3c10
Event: 30.096 Thread 0x000001cfb58c4f80 flushing  nmethod 0x000001cfb8eb7010
Event: 30.096 Thread 0x000001cfb58c4f80 flushing  nmethod 0x000001cfb8eee590
Event: 30.096 Thread 0x000001cfb58c4f80 flushing  nmethod 0x000001cfb8eeee10
Event: 30.096 Thread 0x000001cfb58c4f80 flushing  nmethod 0x000001cfb8eef210
Event: 30.096 Thread 0x000001cfb58c4f80 flushing  nmethod 0x000001cfb8eefb90
Event: 30.096 Thread 0x000001cfb58c4f80 flushing  nmethod 0x000001cfb8f0cc90

Events (20 events):
Event: 29.913 Thread 0x000001d013664ff0 Thread exited: 0x000001d013664ff0
Event: 30.836 Thread 0x000001d00eaf41e0 Thread added: 0x000001d013666460
Event: 30.873 Thread 0x000001d00eaf41e0 Thread added: 0x000001d013664ff0
Event: 36.986 Thread 0x000001d013664ff0 Thread exited: 0x000001d013664ff0
Event: 41.993 Thread 0x000001d013666460 Thread exited: 0x000001d013666460
Event: 46.076 Thread 0x000001d00eaf41e0 Thread added: 0x000001d013666460
Event: 51.291 Thread 0x000001d013666460 Thread exited: 0x000001d013666460
Event: 70.466 Thread 0x000001d013b11a40 Thread added: 0x000001d013aae2d0
Event: 70.472 Thread 0x000001d013b113b0 Thread added: 0x000001d013aae960
Event: 70.486 Thread 0x000001d013aae960 Thread added: 0x000001d013aacf20
Event: 70.487 Thread 0x000001d013aae960 Thread added: 0x000001d013aaeff0
Event: 70.523 Thread 0x000001d013aaeff0 Thread exited: 0x000001d013aaeff0
Event: 70.524 Thread 0x000001d013aacf20 Thread exited: 0x000001d013aacf20
Event: 70.525 Thread 0x000001d013aae960 Thread exited: 0x000001d013aae960
Event: 70.531 Thread 0x000001d013b15550 Thread added: 0x000001d013ab03a0
Event: 70.546 Thread 0x000001d00eaf41e0 Thread added: 0x000001d013666460
Event: 70.546 Thread 0x000001d00eaf41e0 Thread added: 0x000001d013664ff0
Event: 70.590 Thread 0x000001d013b113b0 Thread added: 0x000001d013aacf20
Event: 70.603 Thread 0x000001d013aacf20 Thread added: 0x000001d013aad5b0
Event: 70.607 Thread 0x000001d013aacf20 Thread added: 0x000001d013ab10c0


Dynamic libraries:
0x00007ff75a710000 - 0x00007ff75a71e000 	c:\Users\rodri\.vscode\extensions\redhat.java-1.53.0-win32-x64\jre\21.0.10-win32-x86_64\bin\java.exe
0x00007ff9c06a0000 - 0x00007ff9c0908000 	C:\WINDOWS\SYSTEM32\ntdll.dll
0x00007ff9bf750000 - 0x00007ff9bf819000 	C:\WINDOWS\System32\KERNEL32.DLL
0x00007ff9bdc90000 - 0x00007ff9be081000 	C:\WINDOWS\System32\KERNELBASE.dll
0x00007ff9be140000 - 0x00007ff9be28b000 	C:\WINDOWS\System32\ucrtbase.dll
0x00007ff98b480000 - 0x00007ff98b49e000 	c:\Users\rodri\.vscode\extensions\redhat.java-1.53.0-win32-x64\jre\21.0.10-win32-x86_64\bin\VCRUNTIME140.dll
0x00007ff98acd0000 - 0x00007ff98ace8000 	c:\Users\rodri\.vscode\extensions\redhat.java-1.53.0-win32-x64\jre\21.0.10-win32-x86_64\bin\jli.dll
0x00007ff9bff70000 - 0x00007ff9c0136000 	C:\WINDOWS\System32\USER32.dll
0x00007ff9a4cb0000 - 0x00007ff9a4f43000 	C:\WINDOWS\WinSxS\amd64_microsoft.windows.common-controls_6595b64144ccf1df_6.0.26100.7824_none_3e0870b2e3345462\COMCTL32.dll
0x00007ff9be7d0000 - 0x00007ff9be879000 	C:\WINDOWS\System32\msvcrt.dll
0x00007ff9be290000 - 0x00007ff9be2b7000 	C:\WINDOWS\System32\win32u.dll
0x00007ff9c0140000 - 0x00007ff9c016b000 	C:\WINDOWS\System32\GDI32.dll
0x00007ff9bcf80000 - 0x00007ff9bd0ab000 	C:\WINDOWS\System32\gdi32full.dll
0x00007ff9be090000 - 0x00007ff9be133000 	C:\WINDOWS\System32\msvcp_win.dll
0x00007ff9beaa0000 - 0x00007ff9bead1000 	C:\WINDOWS\System32\IMM32.DLL
0x00007ff9aa390000 - 0x00007ff9aa39c000 	c:\Users\rodri\.vscode\extensions\redhat.java-1.53.0-win32-x64\jre\21.0.10-win32-x86_64\bin\vcruntime140_1.dll
0x00007ff96b390000 - 0x00007ff96b41d000 	c:\Users\rodri\.vscode\extensions\redhat.java-1.53.0-win32-x64\jre\21.0.10-win32-x86_64\bin\msvcp140.dll
0x00007ff909cd0000 - 0x00007ff90aa71000 	c:\Users\rodri\.vscode\extensions\redhat.java-1.53.0-win32-x64\jre\21.0.10-win32-x86_64\bin\server\jvm.dll
0x00007ff9be650000 - 0x00007ff9be704000 	C:\WINDOWS\System32\ADVAPI32.dll
0x00007ff9be5a0000 - 0x00007ff9be646000 	C:\WINDOWS\System32\sechost.dll
0x00007ff9bf830000 - 0x00007ff9bf948000 	C:\WINDOWS\System32\RPCRT4.dll
0x00007ff9be880000 - 0x00007ff9be8f4000 	C:\WINDOWS\System32\WS2_32.dll
0x00007ff9bcde0000 - 0x00007ff9bce3e000 	C:\WINDOWS\SYSTEM32\POWRPROF.dll
0x00007ff9ab740000 - 0x00007ff9ab775000 	C:\WINDOWS\SYSTEM32\WINMM.dll
0x00007ff9ac620000 - 0x00007ff9ac62b000 	C:\WINDOWS\SYSTEM32\VERSION.dll
0x00007ff9bcdc0000 - 0x00007ff9bcdd4000 	C:\WINDOWS\SYSTEM32\UMPDC.dll
0x00007ff9bbd20000 - 0x00007ff9bbd3b000 	C:\WINDOWS\SYSTEM32\kernel.appcore.dll
0x00007ff9a9950000 - 0x00007ff9a995a000 	c:\Users\rodri\.vscode\extensions\redhat.java-1.53.0-win32-x64\jre\21.0.10-win32-x86_64\bin\jimage.dll
0x00007ff9bb070000 - 0x00007ff9bb2b2000 	C:\WINDOWS\SYSTEM32\DBGHELP.DLL
0x00007ff9beae0000 - 0x00007ff9bee66000 	C:\WINDOWS\System32\combase.dll
0x00007ff9bfe90000 - 0x00007ff9bff67000 	C:\WINDOWS\System32\OLEAUT32.dll
0x00007ff9a0f40000 - 0x00007ff9a0f7b000 	C:\WINDOWS\SYSTEM32\dbgcore.DLL
0x00007ff9bdb20000 - 0x00007ff9bdbc5000 	C:\WINDOWS\System32\bcryptPrimitives.dll
0x00007ff9a98d0000 - 0x00007ff9a98df000 	c:\Users\rodri\.vscode\extensions\redhat.java-1.53.0-win32-x64\jre\21.0.10-win32-x86_64\bin\instrument.dll
0x00007ff983930000 - 0x00007ff983950000 	c:\Users\rodri\.vscode\extensions\redhat.java-1.53.0-win32-x64\jre\21.0.10-win32-x86_64\bin\java.dll
0x00007ff9bee70000 - 0x00007ff9bf5c2000 	C:\WINDOWS\System32\SHELL32.dll
0x00007ff9bd0b0000 - 0x00007ff9bd21a000 	C:\WINDOWS\System32\wintypes.dll
0x00007ff9bd220000 - 0x00007ff9bda83000 	C:\WINDOWS\System32\windows.storage.dll
0x00007ff9bf5d0000 - 0x00007ff9bf6c6000 	C:\WINDOWS\System32\SHCORE.dll
0x00007ff9c0420000 - 0x00007ff9c0487000 	C:\WINDOWS\System32\shlwapi.dll
0x00007ff9bcea0000 - 0x00007ff9bcec9000 	C:\WINDOWS\SYSTEM32\profapi.dll
0x00007ff9838b0000 - 0x00007ff9838c8000 	c:\Users\rodri\.vscode\extensions\redhat.java-1.53.0-win32-x64\jre\21.0.10-win32-x86_64\bin\zip.dll
0x00007ff9a4fd0000 - 0x00007ff9a4fe0000 	C:\Users\rodri\.vscode\extensions\redhat.java-1.53.0-win32-x64\jre\21.0.10-win32-x86_64\bin\net.dll
0x00007ff9b5630000 - 0x00007ff9b5757000 	C:\WINDOWS\SYSTEM32\WINHTTP.dll
0x00007ff9bc290000 - 0x00007ff9bc2fb000 	C:\WINDOWS\system32\mswsock.dll
0x00007ff983780000 - 0x00007ff983796000 	C:\Users\rodri\.vscode\extensions\redhat.java-1.53.0-win32-x64\jre\21.0.10-win32-x86_64\bin\nio.dll
0x00007ff9a2730000 - 0x00007ff9a2740000 	c:\Users\rodri\.vscode\extensions\redhat.java-1.53.0-win32-x64\jre\21.0.10-win32-x86_64\bin\verify.dll
0x00007ff96b9d0000 - 0x00007ff96ba15000 	C:\Users\rodri\AppData\Roaming\Code\User\globalStorage\redhat.java\1.53.0\config_ss_win\org.eclipse.equinox.launcher\org.eclipse.equinox.launcher.win32.win32.x86_64_1.3.0.v20260203-2149\eclipse_11919.dll
0x00007ff9be900000 - 0x00007ff9bea97000 	C:\WINDOWS\System32\ole32.dll
0x00007ff9bc560000 - 0x00007ff9bc57b000 	C:\WINDOWS\SYSTEM32\CRYPTSP.dll
0x00007ff9bbc80000 - 0x00007ff9bbcb9000 	C:\WINDOWS\system32\rsaenh.dll
0x00007ff9bc340000 - 0x00007ff9bc36b000 	C:\WINDOWS\SYSTEM32\USERENV.dll
0x00007ff9bce70000 - 0x00007ff9bce9a000 	C:\WINDOWS\SYSTEM32\bcrypt.dll
0x00007ff9bc580000 - 0x00007ff9bc58c000 	C:\WINDOWS\SYSTEM32\CRYPTBASE.dll
0x00007ff9bb750000 - 0x00007ff9bb784000 	C:\WINDOWS\SYSTEM32\IPHLPAPI.DLL
0x00007ff9c0490000 - 0x00007ff9c049a000 	C:\WINDOWS\System32\NSI.dll
0x00007ff96af80000 - 0x00007ff96afc9000 	C:\Users\rodri\AppData\Local\Temp\jna--730031943\jna16064462661703107447.dll
0x00007ff9bf820000 - 0x00007ff9bf828000 	C:\WINDOWS\System32\PSAPI.DLL
0x00007ff9b59f0000 - 0x00007ff9b5a0e000 	C:\WINDOWS\SYSTEM32\dhcpcsvc6.DLL
0x00007ff9b59c0000 - 0x00007ff9b59e3000 	C:\WINDOWS\SYSTEM32\dhcpcsvc.DLL
0x00007ff9bbe40000 - 0x00007ff9bbe76000 	C:\WINDOWS\SYSTEM32\ntmarta.dll

JVMTI agents:
c:\Users\rodri\.vscode\extensions\redhat.java-1.53.0-win32-x64\lombok\lombok-1.18.39-4050.jar path:c:\Users\rodri\.vscode\extensions\redhat.java-1.53.0-win32-x64\jre\21.0.10-win32-x86_64\bin\instrument.dll, loaded, initialized, instrumentlib options:none

dbghelp: loaded successfully - version: 4.0.5 - missing functions: none
symbol engine: initialized successfully - sym options: 0x614 - pdb path: .;c:\Users\rodri\.vscode\extensions\redhat.java-1.53.0-win32-x64\jre\21.0.10-win32-x86_64\bin;C:\WINDOWS\SYSTEM32;C:\WINDOWS\WinSxS\amd64_microsoft.windows.common-controls_6595b64144ccf1df_6.0.26100.7824_none_3e0870b2e3345462;c:\Users\rodri\.vscode\extensions\redhat.java-1.53.0-win32-x64\jre\21.0.10-win32-x86_64\bin\server;C:\Users\rodri\AppData\Roaming\Code\User\globalStorage\redhat.java\1.53.0\config_ss_win\org.eclipse.equinox.launcher\org.eclipse.equinox.launcher.win32.win32.x86_64_1.3.0.v20260203-2149;C:\Users\rodri\AppData\Local\Temp\jna--730031943

VM Arguments:
jvm_args: --add-modules=ALL-SYSTEM --add-opens=java.base/java.util=ALL-UNNAMED --add-opens=java.base/java.lang=ALL-UNNAMED --add-opens=java.base/sun.nio.fs=ALL-UNNAMED -Declipse.application=org.eclipse.jdt.ls.core.id1 -Dosgi.bundles.defaultStartLevel=4 -Declipse.product=org.eclipse.jdt.ls.core.product -Djava.import.generatesMetadataFilesAtProjectRoot=false -DDetectVMInstallationsJob.disabled=true -Dfile.encoding=utf8 -XX:+UseParallelGC -XX:GCTimeRatio=4 -XX:AdaptiveSizePolicyWeight=90 -Dsun.zip.disableMemoryMapping=true -Xmx2G -Xms100m -Xlog:disable -javaagent:c:\Users\rodri\.vscode\extensions\redhat.java-1.53.0-win32-x64\lombok\lombok-1.18.39-4050.jar 
java_command: c:\Users\rodri\.vscode\extensions\redhat.java-1.53.0-win32-x64\server\plugins\org.eclipse.equinox.launcher_1.7.100.v20251111-0406.jar -configuration c:\Users\rodri\AppData\Roaming\Code\User\globalStorage\redhat.java\1.53.0\config_ss_win -data c:\Users\rodri\AppData\Roaming\Code\User\workspaceStorage\2f4398470e1372773424d0561db5a0bb\redhat.java\ss_ws --pipe=\\.\pipe\lsp-99f862b0d82354a581a60befb84c2f25-sock
java_class_path (initial): c:\Users\rodri\.vscode\extensions\redhat.java-1.53.0-win32-x64\server\plugins\org.eclipse.equinox.launcher_1.7.100.v20251111-0406.jar
Launcher Type: SUN_STANDARD

[Global flags]
    uintx AdaptiveSizePolicyWeight                 = 90                                        {product} {command line}
     intx CICompilerCount                          = 4                                         {product} {ergonomic}
    uintx GCTimeRatio                              = 4                                         {product} {command line}
   size_t InitialHeapSize                          = 104857600                                 {product} {command line}
   size_t MaxHeapSize                              = 2147483648                                {product} {command line}
   size_t MaxNewSize                               = 715653120                                 {product} {ergonomic}
   size_t MinHeapDeltaBytes                        = 524288                                    {product} {ergonomic}
   size_t MinHeapSize                              = 104857600                                 {product} {command line}
   size_t NewSize                                  = 34603008                                  {product} {ergonomic}
    uintx NonNMethodCodeHeapSize                   = 5839372                                {pd product} {ergonomic}
    uintx NonProfiledCodeHeapSize                  = 122909434                              {pd product} {ergonomic}
   size_t OldSize                                  = 70254592                                  {product} {ergonomic}
    uintx ProfiledCodeHeapSize                     = 122909434                              {pd product} {ergonomic}
    uintx ReservedCodeCacheSize                    = 251658240                              {pd product} {ergonomic}
     bool SegmentedCodeCache                       = true                                      {product} {ergonomic}
   size_t SoftMaxHeapSize                          = 2147483648                             {manageable} {ergonomic}
     bool UseCompressedOops                        = true                           {product lp64_product} {ergonomic}
     bool UseLargePagesIndividualAllocation        = false                                  {pd product} {ergonomic}
     bool UseParallelGC                            = true                                      {product} {command line}

Logging:
Log output configuration:
 #0: stdout all=off uptime,level,tags foldmultilines=false
 #1: stderr all=off uptime,level,tags foldmultilines=false

Release file:
JAVA_VERSION="21.0.10" 
MODULES="java.base java.compiler java.datatransfer java.xml java.prefs java.desktop java.instrument java.logging java.management java.security.sasl java.naming java.rmi java.management.rmi java.net.http java.scripting java.security.jgss java.transaction.xa java.sql java.sql.rowset java.xml.crypto java.se java.smartcardio jdk.accessibility jdk.internal.jvmstat jdk.attach jdk.charsets jdk.internal.opt jdk.zipfs jdk.compiler jdk.crypto.ec jdk.crypto.cryptoki jdk.crypto.mscapi jdk.dynalink jdk.internal.ed jdk.editpad jdk.hotspot.agent jdk.httpserver jdk.internal.le jdk.internal.vm.ci jdk.internal.vm.compiler jdk.internal.vm.compiler.management jdk.jartool jdk.javadoc jdk.jcmd jdk.management jdk.management.agent jdk.jconsole jdk.jdeps jdk.jdwp.agent jdk.jdi jdk.jfr jdk.jshell jdk.jsobject jdk.jstatd jdk.localedata jdk.management.jfr jdk.naming.dns jdk.naming.rmi jdk.net jdk.nio.mapmode jdk.random jdk.sctp jdk.security.auth jdk.security.jgss jdk.unsupported jdk.unsupported.desktop jdk.xml.dom" 

Environment Variables:
JAVA_HOME=C:\Program Files\Java\jdk-21
PATH=C:\Users\rodri\AppData\Local\Programs\Microsoft VS Code;C:\Program Files\ImageMagick-7.1.2-Q16-HDRI;C:\Program Files\Java\jdk-21\bin;C:\Program Files\Microsoft SDKs\Azure\CLI2\wbin;C:\ffmpeg-v2\bin;C:\Program Files\Common Files\Oracle\Java\javapath;C:\WINDOWS\system32;C:\WINDOWS;C:\WINDOWS\System32\Wbem;C:\WINDOWS\System32\WindowsPowerShell\v1.0\;C:\WINDOWS\System32\OpenSSH\;C:\ProgramData\chocolatey\bin;C:\Program Files\Microsoft SQL Server\Client SDK\ODBC\170\Tools\Binn\;C:\Program Files (x86)\Microsoft SQL Server\150\Tools\Binn\;C:\Program Files\Microsoft SQL Server\150\Tools\Binn\;C:\Program Files\Microsoft SQL Server\150\DTS\Binn\;C:\Program Files (x86)\Microsoft SQL Server\160\DTS\Binn\;C:\Program Files\Azure Data Studio\bin;C:\gradle\gradle-7.6.3-all\gradle-7.6.3\bin;C:\android\sdk\build-tools;C:\android\sdk\platform-tools;C:\Program Files\Git\cmd;C:\Users\rodri\AppData\Local\Programs\Python\Python310\Scripts\;C:\Users\rodri\AppData\Local\Programs\Python\Python310\;C:\Users\rodri\AppData\Local\Microsoft\WindowsApps;C:\Users\rodri\AppData\Local\Programs\Microsoft VS Code\bin;C:\tools\dart-sdk\bin;C:\Users\ro;C:\Program Files\Azure CLI\wbin;C:\Program Files\Amazon\AWSCLIV2\;C:\Program Files\Go\bin;C:\xampp\php;C:\composer;C:\Program Files\PostgreSQL\18\bin;C:\Program Files\PostgreSQL\18\bin\psql.exe;C:\Program Files\dotnet\;C:\Program Files\apache-maven-3.9.12\bin;C:\Users\rodri\AppData\Local\nvm;C:\nvm4w\nodejs;;C:\Program Files\Docker\Docker\resources\bin;C:\Program Files\Java\jdk-21\bin;C:\Program Files\ImageMagick-7.1.2-Q16-HDRI;C:\Program Files\Java\jdk-21\bin;C:\Program Files\Microsoft SDKs\Azure\CLI2\wbin;C:\ffmpeg-v2\bin;C:\Program Files\Common Files\Oracle\Java\javapath;C:\WINDOWS\system32;C:\WINDOWS;C:\WINDOWS\System32\Wbem;C:\WINDOWS\System32\WindowsPowerShell\v1.0\;C:\WINDOWS\System32\OpenSSH\;C:\ProgramData\chocolatey\bin;C:\Program Files\Microsoft SQL Server\Client SDK\ODBC\170\Tools\Binn\;C:\Program Files (x86)\Microsoft SQL Server\150\Tools\Binn\;C:\Program Files\Microsoft SQL Server\150\Tools\Binn\;C:\Program Files\Microsoft SQL Server\150\DTS\Binn\;C:\Program Files (x86)\Microsoft SQL Server\160\DTS\Binn\;C:\Program Files\Azure Data Studio\bin;C:\gradle\gradle-7.6.3-all\gradle-7.6.3\bin;C:\android\sdk\build-tools;C:\android\sdk\platform-tools;C:\Program Files\Git\cmd;C:\Users\rodri\AppData\Local\Programs\Python\Python310\Scripts\;C:\Users\rodri\AppData\Local\Programs\Python\Python310\;C:\Users\rodri\AppData\Local\Microsoft\WindowsApps;C:\Users\rodri\AppData\Local\Programs\Microsoft VS Code\bin;C:\tools\dart-sdk\bin;C:\Users\ro;C:\Program Files\Azure CLI\wbin;C:\Program Files\Amazon\AWSCLIV2\;C:\Program Files\Go\bin;C:\xampp\php;C:\composer;C:\Program Files\PostgreSQL\18\bin;C:\Program Files\PostgreSQL\18\bin\psql.exe;C:\Program Files\dotnet\;C:\Program Files\apache-maven-3.9.12\bin;C:\Users\rodri\AppData\Local\nvm;C:\nvm4w\nodejs;;C:\Program Files\Docker\Docker\resources\bin;C:\Users\rodri\AppData\Local\nvm;C:\nvm4w\nodejs;C:\Users\rodri\AppData\Local\Programs\Antigravity\bin;C:\Users\rodri\AppData\Local\Programs\Microsoft VS Code\bin;C:\Program Files\JetBrains\IntelliJ IDEA 2025.3.3\bin
USERNAME=henrique
OS=Windows_NT
PROCESSOR_IDENTIFIER=Intel64 Family 6 Model 140 Stepping 1, GenuineIntel
TMP=C:\Users\rodri\AppData\Local\Temp
TEMP=C:\Users\rodri\AppData\Local\Temp




Periodic native trim disabled

---------------  S Y S T E M  ---------------

OS:
 Windows 11 , 64 bit Build 26100 (10.0.26100.7705)
OS uptime: 0 days 2:45 hours
Hyper-V role detected

CPU: total 8 (initial active 8) (4 cores per cpu, 2 threads per core) family 6 model 140 stepping 1 microcode 0x8a, cx8, cmov, fxsr, ht, mmx, 3dnowpref, sse, sse2, sse3, ssse3, sse4.1, sse4.2, popcnt, lzcnt, tsc, tscinvbit, avx, avx2, aes, erms, clmul, bmi1, bmi2, adx, avx512f, avx512dq, avx512cd, avx512bw, avx512vl, sha, fma, vzeroupper, avx512_vpopcntdq, avx512_vpclmulqdq, avx512_vaes, avx512_vnni, clflush, clflushopt, clwb, avx512_vbmi2, avx512_vbmi, hv, rdtscp, rdpid, fsrm, gfni, avx512_bitalg, f16c, cet_ibt, cet_ss, avx512_ifma
Processor Information for the first 8 processors :
  Max Mhz: 2419, Current Mhz: 2419, Mhz Limit: 2419

Memory: 4k page, system-wide physical 7971M (658M free)
TotalPageFile size 17250M (AvailPageFile size 14M)
current process WorkingSet (physical memory assigned to process): 109M, peak: 200M
current process commit charge ("private bytes"): 309M, peak: 320M

vm_info: OpenJDK 64-Bit Server VM (21.0.10+7-LTS) for windows-amd64 JRE (21.0.10+7-LTS), built on 2026-01-20T00:00:00Z by "admin" with MS VC++ 17.12 (VS2022)

END.
