#
# There is insufficient memory for the Java Runtime Environment to continue.
# Native memory allocation (mmap) failed to map 132120576 bytes for G1 virtual space
# Possible reasons:
#   The system is out of physical RAM or swap space
#   The process is running with CompressedOops enabled, and the Java Heap may be blocking the growth of the native heap
# Possible solutions:
#   Reduce memory load on the system
#   Increase physical memory or swap space
#   Check if swap backing store is full
#   Decrease Java heap size (-Xmx/-Xms)
#   Decrease number of Java threads
#   Decrease Java thread stack sizes (-Xss)
#   Set larger code cache with -XX:ReservedCodeCacheSize=
#   JVM is running with Unscaled Compressed Oops mode in which the Java heap is
#     placed in the first 4GB address space. The Java Heap base address is the
#     maximum limit for the native heap growth. Please use -XX:HeapBaseMinAddress
#     to set the Java Heap base and to place the Java Heap above 4GB virtual address.
# This output file may be truncated or incomplete.
#
#  Out of Memory Error (os_windows.cpp:3603), pid=17828, tid=9932
#
# JRE version:  (21.0.9+7) (build )
# Java VM: Java HotSpot(TM) 64-Bit Server VM (21.0.9+7-LTS-338, mixed mode, sharing, tiered, compressed oops, compressed class ptrs, g1 gc, windows-amd64)
# No core dump will be written. Minidumps are not enabled by default on client versions of Windows
#

---------------  S U M M A R Y ------------

Command Line: -Dnet.bytebuddy.agent.attacher.dump= net.bytebuddy.agent.Attacher com.sun.tools.attach.VirtualMachine 16224 C:\Users\rodri\.m2\repository\net\bytebuddy\byte-buddy-agent\1.14.13\byte-buddy-agent-1.14.13.jar false 

Host: 11th Gen Intel(R) Core(TM) i5-1135G7 @ 2.40GHz, 8 cores, 7G,  Windows 11 , 64 bit Build 26100 (10.0.26100.7705)
Time: Wed Mar 11 18:22:49 2026 Hora Padrão de Buenos Aires elapsed time: 0.014302 seconds (0d 0h 0m 0s)

---------------  T H R E A D  ---------------

Current thread (0x000001bff57ef700):  JavaThread "Unknown thread" [_thread_in_vm, id=9932, stack(0x000000b9f9e00000,0x000000b9f9f00000) (1024K)]

Stack: [0x000000b9f9e00000,0x000000b9f9f00000]
Native frames: (J=compiled Java code, j=interpreted, Vv=VM code, C=native code)
V  [jvm.dll+0x6cbf89]
V  [jvm.dll+0x858421]
V  [jvm.dll+0x85a94e]
V  [jvm.dll+0x85b023]
V  [jvm.dll+0x27ebc6]
V  [jvm.dll+0x6c8705]
V  [jvm.dll+0x6bd26a]
V  [jvm.dll+0x354a0a]
V  [jvm.dll+0x35c686]
V  [jvm.dll+0x3af79e]
V  [jvm.dll+0x3afa48]
V  [jvm.dll+0x328d1c]
V  [jvm.dll+0x32987b]
V  [jvm.dll+0x821739]
V  [jvm.dll+0x3bc481]
V  [jvm.dll+0x80a9b8]
V  [jvm.dll+0x45166e]
V  [jvm.dll+0x453261]
C  [jli.dll+0x52a3]
C  [ucrtbase.dll+0x37b0]
C  [KERNEL32.DLL+0x2e8d7]
C  [ntdll.dll+0x8c40c]


---------------  P R O C E S S  ---------------

Threads class SMR info:
_java_thread_list=0x00007ffa4491fc08, length=0, elements={
}

Java Threads: ( => current thread )
Total: 0

Other Threads:
  0x000001bff5841950 WorkerThread "GC Thread#0"                     [id=9780, stack(0x000000b9f9f00000,0x000000b9fa000000) (1024K)]
  0x000001bff5852280 ConcurrentGCThread "G1 Main Marker"            [id=5864, stack(0x000000b9fa000000,0x000000b9fa100000) (1024K)]
  0x000001bff5855020 WorkerThread "G1 Conc#0"                       [id=11888, stack(0x000000b9fa100000,0x000000b9fa200000) (1024K)]

[error occurred during error reporting (printing all threads), id 0xc0000005, EXCEPTION_ACCESS_VIOLATION (0xc0000005) at pc=0x00007ffa4408b4a7]
VM state: not at safepoint (not fully initialized)

VM Mutex/Monitor currently owned by a thread:  ([mutex/lock_event])
[0x00007ffa44990ef0] Heap_lock - owner thread: 0x000001bff57ef700

Heap address: 0x0000000083600000, size: 1994 MB, Compressed Oops mode: 32-bit

CDS archive(s) mapped at: [0x0000000000000000-0x0000000000000000-0x0000000000000000), size 0, SharedBaseAddress: 0x0000000800000000, ArchiveRelocationMode: 1.
Narrow klass base: 0x0000000000000000, Narrow klass shift: 0, Narrow klass range: 0x0

GC Precious Log:
 CardTable entry size: 512
 Card Set container configuration: InlinePtr #cards 5 size 8 Array Of Cards #cards 12 size 40 Howl #buckets 4 coarsen threshold 1843 Howl Bitmap #cards 512 size 80 coarsen threshold 460 Card regions per heap region 1 cards per card region 2048

Heap:
 garbage-first heap   total 0K, used 0K [0x0000000083600000, 0x0000000100000000)
  region size 1024K, 0 young (0K), 0 survivors (0K)

[error occurred during error reporting (printing heap information), id 0xc0000005, EXCEPTION_ACCESS_VIOLATION (0xc0000005) at pc=0x00007ffa44474ff9]
GC Heap History (0 events):
No events

Dll operation events (1 events):
Event: 0.009 Loaded shared library C:\Program Files\Java\jdk-21\bin\java.dll

Deoptimization events (0 events):
No events

Classes loaded (0 events):
No events

Classes unloaded (0 events):
No events

Classes redefined (0 events):
No events

Internal exceptions (0 events):
No events

ZGC Phase Switch (0 events):
No events

VM Operations (0 events):
No events

Events (0 events):
No events


Dynamic libraries:
0x00007ff684470000 - 0x00007ff684480000 	C:\Program Files\Java\jdk-21\bin\java.exe
0x00007ffaf4260000 - 0x00007ffaf44c8000 	C:\WINDOWS\SYSTEM32\ntdll.dll
0x00007ffaf35c0000 - 0x00007ffaf3689000 	C:\WINDOWS\System32\KERNEL32.DLL
0x00007ffaf0e80000 - 0x00007ffaf1271000 	C:\WINDOWS\System32\KERNELBASE.dll
0x00007ffaf0bf0000 - 0x00007ffaf0d3b000 	C:\WINDOWS\System32\ucrtbase.dll
0x00007ffab04d0000 - 0x00007ffab04e9000 	C:\Program Files\Java\jdk-21\bin\jli.dll
0x00007ffaaf250000 - 0x00007ffaaf26b000 	C:\Program Files\Java\jdk-21\bin\VCRUNTIME140.dll
0x00007ffaf3ba0000 - 0x00007ffaf3c54000 	C:\WINDOWS\System32\ADVAPI32.dll
0x00007ffaf3450000 - 0x00007ffaf34f9000 	C:\WINDOWS\System32\msvcrt.dll
0x00007ffaf3170000 - 0x00007ffaf3216000 	C:\WINDOWS\System32\sechost.dll
0x00007ffaf3050000 - 0x00007ffaf3168000 	C:\WINDOWS\System32\RPCRT4.dll
0x00007ffaf2270000 - 0x00007ffaf2436000 	C:\WINDOWS\System32\USER32.dll
0x00007ffada7e0000 - 0x00007ffadaa73000 	C:\WINDOWS\WinSxS\amd64_microsoft.windows.common-controls_6595b64144ccf1df_6.0.26100.7824_none_3e0870b2e3345462\COMCTL32.dll
0x00007ffaf1fd0000 - 0x00007ffaf1ff7000 	C:\WINDOWS\System32\win32u.dll
0x00007ffaf20b0000 - 0x00007ffaf20db000 	C:\WINDOWS\System32\GDI32.dll
0x00007ffaf1de0000 - 0x00007ffaf1f0b000 	C:\WINDOWS\System32\gdi32full.dll
0x00007ffaf0b40000 - 0x00007ffaf0be3000 	C:\WINDOWS\System32\msvcp_win.dll
0x00007ffadfed0000 - 0x00007ffadfedb000 	C:\WINDOWS\SYSTEM32\VERSION.dll
0x00007ffaf20e0000 - 0x00007ffaf2111000 	C:\WINDOWS\System32\IMM32.DLL
0x00007ffae7a50000 - 0x00007ffae7a5c000 	C:\Program Files\Java\jdk-21\bin\vcruntime140_1.dll
0x00007ffaa4320000 - 0x00007ffaa43ae000 	C:\Program Files\Java\jdk-21\bin\msvcp140.dll
0x00007ffa43d50000 - 0x00007ffa44a6d000 	C:\Program Files\Java\jdk-21\bin\server\jvm.dll
0x00007ffaf3e90000 - 0x00007ffaf3f04000 	C:\WINDOWS\System32\WS2_32.dll
0x00007ffaf09a0000 - 0x00007ffaf09fe000 	C:\WINDOWS\SYSTEM32\POWRPROF.dll
0x00007ffade000000 - 0x00007ffade035000 	C:\WINDOWS\SYSTEM32\WINMM.dll
0x00007ffaf0980000 - 0x00007ffaf0994000 	C:\WINDOWS\SYSTEM32\UMPDC.dll
0x00007ffaef8e0000 - 0x00007ffaef8fb000 	C:\WINDOWS\SYSTEM32\kernel.appcore.dll
0x00007ffabb420000 - 0x00007ffabb42a000 	C:\Program Files\Java\jdk-21\bin\jimage.dll
0x00007ffaeeaa0000 - 0x00007ffaeece2000 	C:\WINDOWS\SYSTEM32\DBGHELP.DLL
0x00007ffaf2cc0000 - 0x00007ffaf3046000 	C:\WINDOWS\System32\combase.dll
0x00007ffaf2120000 - 0x00007ffaf21f7000 	C:\WINDOWS\System32\OLEAUT32.dll
0x00007ffad8a50000 - 0x00007ffad8a8b000 	C:\WINDOWS\SYSTEM32\dbgcore.DLL
0x00007ffaf0d40000 - 0x00007ffaf0de5000 	C:\WINDOWS\System32\bcryptPrimitives.dll
0x00007ffaaf230000 - 0x00007ffaaf24f000 	C:\Program Files\Java\jdk-21\bin\java.dll

dbghelp: loaded successfully - version: 4.0.5 - missing functions: none
symbol engine: initialized successfully - sym options: 0x614 - pdb path: .;C:\Program Files\Java\jdk-21\bin;C:\WINDOWS\SYSTEM32;C:\WINDOWS\WinSxS\amd64_microsoft.windows.common-controls_6595b64144ccf1df_6.0.26100.7824_none_3e0870b2e3345462;C:\Program Files\Java\jdk-21\bin\server

VM Arguments:
jvm_args: -Dnet.bytebuddy.agent.attacher.dump= 
java_command: net.bytebuddy.agent.Attacher com.sun.tools.attach.VirtualMachine 16224 C:\Users\rodri\.m2\repository\net\bytebuddy\byte-buddy-agent\1.14.13\byte-buddy-agent-1.14.13.jar false 
java_class_path (initial): C:\Users\rodri\.m2\repository\net\bytebuddy\byte-buddy-agent\1.14.13\byte-buddy-agent-1.14.13.jar
Launcher Type: SUN_STANDARD

[Global flags]
     intx CICompilerCount                          = 4                                         {product} {ergonomic}
     uint ConcGCThreads                            = 2                                         {product} {ergonomic}
     uint G1ConcRefinementThreads                  = 8                                         {product} {ergonomic}
   size_t G1HeapRegionSize                         = 1048576                                   {product} {ergonomic}
    uintx GCDrainStackTargetSize                   = 64                                        {product} {ergonomic}
   size_t InitialHeapSize                          = 132120576                                 {product} {ergonomic}
   size_t MarkStackSize                            = 4194304                                   {product} {ergonomic}
   size_t MaxHeapSize                              = 2090860544                                {product} {ergonomic}
   size_t MinHeapDeltaBytes                        = 1048576                                   {product} {ergonomic}
   size_t MinHeapSize                              = 8388608                                   {product} {ergonomic}
    uintx NonNMethodCodeHeapSize                   = 5839372                                {pd product} {ergonomic}
    uintx NonProfiledCodeHeapSize                  = 122909434                              {pd product} {ergonomic}
    uintx ProfiledCodeHeapSize                     = 122909434                              {pd product} {ergonomic}
    uintx ReservedCodeCacheSize                    = 251658240                              {pd product} {ergonomic}
     bool SegmentedCodeCache                       = true                                      {product} {ergonomic}
   size_t SoftMaxHeapSize                          = 2090860544                             {manageable} {ergonomic}
     bool UseCompressedOops                        = true                           {product lp64_product} {ergonomic}
     bool UseG1GC                                  = true                                      {product} {ergonomic}
     bool UseLargePagesIndividualAllocation        = false                                  {pd product} {ergonomic}

Logging:
Log output configuration:
 #0: stdout all=warning uptime,level,tags foldmultilines=false
 #1: stderr all=off uptime,level,tags foldmultilines=false

Environment Variables:
JAVA_HOME=C:\Program Files\Java\jdk-21
PATH=C:\Users\rodri\go\bin;C:\Program Files\ImageMagick-7.1.2-Q16-HDRI;C:\Program Files\Java\jdk-21\bin;C:\Program Files\Microsoft SDKs\Azure\CLI2\wbin;C:\ffmpeg-v2\bin;C:\Program Files\Common Files\Oracle\Java\javapath;C:\WINDOWS\system32;C:\WINDOWS;C:\WINDOWS\System32\Wbem;C:\WINDOWS\System32\WindowsPowerShell\v1.0\;C:\WINDOWS\System32\OpenSSH\;C:\ProgramData\chocolatey\bin;C:\Program Files\Microsoft SQL Server\Client SDK\ODBC\170\Tools\Binn\;C:\Program Files (x86)\Microsoft SQL Server\150\Tools\Binn\;C:\Program Files\Microsoft SQL Server\150\Tools\Binn\;C:\Program Files\Microsoft SQL Server\150\DTS\Binn\;C:\Program Files (x86)\Microsoft SQL Server\160\DTS\Binn\;C:\Program Files\Azure Data Studio\bin;C:\gradle\gradle-7.6.3-all\gradle-7.6.3\bin;C:\android\sdk\build-tools;C:\android\sdk\platform-tools;C:\Program Files\Git\cmd;C:\Users\rodri\AppData\Local\Programs\Python\Python310\Scripts\;C:\Users\rodri\AppData\Local\Programs\Python\Python310\;C:\Users\rodri\AppData\Local\Microsoft\WindowsApps;C:\Users\rodri\AppData\Local\Programs\Microsoft VS Code\bin;C:\tools\dart-sdk\bin;C:\Users\ro;C:\Program Files\Azure CLI\wbin;C:\Program Files\Amazon\AWSCLIV2\;C:\Program Files\Go\bin;C:\xampp\php;C:\composer;C:\Program Files\PostgreSQL\18\bin;C:\Program Files\PostgreSQL\18\bin\psql.exe;C:\Program Files\dotnet\;C:\Program Files\apache-maven-3.9.12\bin;C:\Users\rodri\AppData\Local\nvm;C:\nvm4w\nodejs;;C:\Program Files\Docker\Docker\resources\bin;C:\Program Files\Java\jdk-21\bin;C:\Program Files\ImageMagick-7.1.2-Q16-HDRI;C:\Program Files\Java\jdk-21\bin;C:\Program Files\Microsoft SDKs\Azure\CLI2\wbin;C:\ffmpeg-v2\bin;C:\Program Files\Common Files\Oracle\Java\javapath;C:\WINDOWS\system32;C:\WINDOWS;C:\WINDOWS\System32\Wbem;C:\WINDOWS\System32\WindowsPowerShell\v1.0\;C:\WINDOWS\System32\OpenSSH\;C:\ProgramData\chocolatey\bin;C:\Program Files\Microsoft SQL Server\Client SDK\ODBC\170\Tools\Binn\;C:\Program Files (x86)\Microsoft SQL Server\150\Tools\Binn\;C:\Program Files\Microsoft SQL Server\150\Tools\Binn\;C:\Program Files\Microsoft SQL Server\150\DTS\Binn\;C:\Program Files (x86)\Microsoft SQL Server\160\DTS\Binn\;C:\Program Files\Azure Data Studio\bin;C:\gradle\gradle-7.6.3-all\gradle-7.6.3\bin;C:\android\sdk\build-tools;C:\android\sdk\platform-tools;C:\Program Files\Git\cmd;C:\Users\rodri\AppData\Local\Programs\Python\Python310\Scripts\;C:\Users\rodri\AppData\Local\Programs\Python\Python310\;C:\Users\rodri\AppData\Local\Microsoft\WindowsApps;C:\Users\rodri\AppData\Local\Programs\Microsoft VS Code\bin;C:\tools\dart-sdk\bin;C:\Users\ro;C:\Program Files\Azure CLI\wbin;C:\Program Files\Amazon\AWSCLIV2\;C:\Program Files\Go\bin;C:\xampp\php;C:\composer;C:\Program Files\PostgreSQL\18\bin;C:\Program Files\PostgreSQL\18\bin\psql.exe;C:\Program Files\dotnet\;C:\Program Files\apache-maven-3.9.12\bin;C:\Users\rodri\AppData\Local\nvm;C:\nvm4w\nodejs;;C:\Program Files\Docker\Docker\resources\bin;C:\Users\rodri\AppData\Local\nvm;C:\nvm4w\nodejs;C:\Users\rodri\AppData\Local\Programs\Antigravity\bin;C:\Users\rodri\AppData\Local\Programs\Microsoft VS Code\bin;C:\Program Files\JetBrains\IntelliJ IDEA 2025.3.3\bin
USERNAME=henrique
OS=Windows_NT
PROCESSOR_IDENTIFIER=Intel64 Family 6 Model 140 Stepping 1, GenuineIntel
TMP=C:\Users\rodri\AppData\Local\Temp
TEMP=C:\Users\rodri\AppData\Local\Temp




Periodic native trim disabled

---------------  S Y S T E M  ---------------

OS:
 Windows 11 , 64 bit Build 26100 (10.0.26100.7705)
OS uptime: 0 days 4:15 hours
Hyper-V role detected

CPU: total 8 (initial active 8) (4 cores per cpu, 2 threads per core) family 6 model 140 stepping 1 microcode 0x8a, cx8, cmov, fxsr, ht, mmx, 3dnowpref, sse, sse2, sse3, ssse3, sse4.1, sse4.2, popcnt, lzcnt, tsc, tscinvbit, avx, avx2, aes, erms, clmul, bmi1, bmi2, adx, avx512f, avx512dq, avx512cd, avx512bw, avx512vl, sha, fma, vzeroupper, avx512_vpopcntdq, avx512_vpclmulqdq, avx512_vaes, avx512_vnni, clflush, clflushopt, clwb, avx512_vbmi2, avx512_vbmi, hv, rdtscp, rdpid, fsrm, gfni, avx512_bitalg, f16c, cet_ibt, cet_ss, avx512_ifma
Processor Information for all 8 processors :
  Max Mhz: 2419, Current Mhz: 2419, Mhz Limit: 2419

Memory: 4k page, system-wide physical 7971M (1034M free)
TotalPageFile size 14616M (AvailPageFile size 134M)
current process WorkingSet (physical memory assigned to process): 12M, peak: 12M
current process commit charge ("private bytes"): 60M, peak: 186M

vm_info: Java HotSpot(TM) 64-Bit Server VM (21.0.9+7-LTS-338) for windows-amd64 JRE (21.0.9+7-LTS-338), built on 2025-09-26T06:33:49Z by "mach5run" with MS VC++ 17.6 (VS2022)

END.
