[INFO] Scanning for projects...
[INFO] 
[INFO] ---------------------< com.example:bootcamp-films >---------------------
[INFO] Building bootcamp-films 0.0.1-SNAPSHOT
[INFO]   from pom.xml
[INFO] --------------------------------[ jar ]---------------------------------
[INFO] 
[INFO] >>> spring-boot:3.2.5:run (default-cli) > test-compile @ bootcamp-films >>>
[INFO] 
[INFO] --- resources:3.3.1:resources (default-resources) @ bootcamp-films ---
[INFO] Copying 1 resource from src\main\resources to target\classes
[INFO] Copying 2 resources from src\main\resources to target\classes
[INFO] 
[INFO] --- compiler:3.11.0:compile (default-compile) @ bootcamp-films ---
[INFO] Nothing to compile - all classes are up to date
[INFO] 
[INFO] --- resources:3.3.1:testResources (default-testResources) @ bootcamp-films ---
[INFO] skip non existing resourceDirectory C:\bootcamp-films\src\test\resources
[INFO] 
[INFO] --- compiler:3.11.0:testCompile (default-testCompile) @ bootcamp-films ---
[INFO] Nothing to compile - all classes are up to date
[INFO] 
[INFO] <<< spring-boot:3.2.5:run (default-cli) < test-compile @ bootcamp-films <<<
[INFO] 
[INFO] 
[INFO] --- spring-boot:3.2.5:run (default-cli) @ bootcamp-films ---
[INFO] Attaching agents: []

  .   ____          _            __ _ _
 /\\ / ___'_ __ _ _(_)_ __  __ _ \ \ \ \
( ( )\___ | '_ | '_| | '_ \/ _` | \ \ \ \
 \\/  ___)| |_)| | | | | || (_| |  ) ) ) )
  '  |____| .__|_| |_|_| |_\__, | / / / /
 =========|_|==============|___/=/_/_/_/
 :: Spring Boot ::                (v3.2.5)

2026-03-13T14:59:55.585-03:00  INFO 13300 --- [bootcamp-films] [           main] c.e.b.BootcampFilmsApplication           : Starting BootcampFilmsApplication using Java 21.0.9 with PID 13300 (C:\bootcamp-films\target\classes started by henrique in C:\bootcamp-films)
2026-03-13T14:59:55.593-03:00  INFO 13300 --- [bootcamp-films] [           main] c.e.b.BootcampFilmsApplication           : No active profile set, falling back to 1 default profile: "default"
2026-03-13T14:59:56.944-03:00  INFO 13300 --- [bootcamp-films] [           main] .s.d.r.c.RepositoryConfigurationDelegate : Bootstrapping Spring Data JPA repositories in DEFAULT mode.
2026-03-13T14:59:57.047-03:00  INFO 13300 --- [bootcamp-films] [           main] .s.d.r.c.RepositoryConfigurationDelegate : Finished Spring Data repository scanning in 86 ms. Found 2 JPA repository interfaces.
2026-03-13T14:59:58.336-03:00  INFO 13300 --- [bootcamp-films] [           main] o.s.b.w.embedded.tomcat.TomcatWebServer  : Tomcat initialized with port 8080 (http)
2026-03-13T14:59:58.366-03:00  INFO 13300 --- [bootcamp-films] [           main] o.apache.catalina.core.StandardService   : Starting service [Tomcat]
2026-03-13T14:59:58.366-03:00  INFO 13300 --- [bootcamp-films] [           main] o.apache.catalina.core.StandardEngine    : Starting Servlet engine: [Apache Tomcat/10.1.20]
2026-03-13T14:59:58.484-03:00  INFO 13300 --- [bootcamp-films] [           main] o.a.c.c.C.[Tomcat].[localhost].[/]       : Initializing Spring embedded WebApplicationContext
2026-03-13T14:59:58.486-03:00  INFO 13300 --- [bootcamp-films] [           main] w.s.c.ServletWebServerApplicationContext : Root WebApplicationContext: initialization completed in 2803 ms
2026-03-13T14:59:58.559-03:00  INFO 13300 --- [bootcamp-films] [           main] com.zaxxer.hikari.HikariDataSource       : HikariPool-1 - Starting...
2026-03-13T14:59:59.126-03:00  INFO 13300 --- [bootcamp-films] [           main] com.zaxxer.hikari.pool.HikariPool        : HikariPool-1 - Added connection conn0: url=jdbc:h2:mem:filmesdb user=HENRIQUE
2026-03-13T14:59:59.131-03:00  INFO 13300 --- [bootcamp-films] [           main] com.zaxxer.hikari.HikariDataSource       : HikariPool-1 - Start completed.
2026-03-13T14:59:59.157-03:00  INFO 13300 --- [bootcamp-films] [           main] o.s.b.a.h2.H2ConsoleAutoConfiguration    : H2 console available at '/h2-console'. Database available at 'jdbc:h2:mem:filmesdb'
2026-03-13T14:59:59.438-03:00  INFO 13300 --- [bootcamp-films] [           main] o.hibernate.jpa.internal.util.LogHelper  : HHH000204: Processing PersistenceUnitInfo [name: default]
2026-03-13T14:59:59.607-03:00  INFO 13300 --- [bootcamp-films] [           main] org.hibernate.Version                    : HHH000412: Hibernate ORM core version 6.4.4.Final
2026-03-13T14:59:59.688-03:00  INFO 13300 --- [bootcamp-films] [           main] o.h.c.internal.RegionFactoryInitiator    : HHH000026: Second-level cache disabled
2026-03-13T15:00:00.737-03:00  INFO 13300 --- [bootcamp-films] [           main] o.s.o.j.p.SpringPersistenceUnitInfo      : No LoadTimeWeaver setup: ignoring JPA class transformer
2026-03-13T15:00:00.885-03:00  WARN 13300 --- [bootcamp-films] [           main] org.hibernate.orm.deprecation            : HHH90000025: H2Dialect does not need to be specified explicitly using 'hibernate.dialect' (remove the property setting and it will be selected by default)
2026-03-13T15:00:03.883-03:00  INFO 13300 --- [bootcamp-films] [           main] o.h.e.t.j.p.i.JtaPlatformInitiator       : HHH000489: No JTA platform available (set 'hibernate.transaction.jta.platform' to enable JTA platform integration)
2026-03-13T15:00:04.170-03:00  INFO 13300 --- [bootcamp-films] [           main] j.LocalContainerEntityManagerFactoryBean : Initialized JPA EntityManagerFactory for persistence unit 'default'
2026-03-13T15:00:05.781-03:00  WARN 13300 --- [bootcamp-films] [           main] JpaBaseConfiguration$JpaWebConfiguration : spring.jpa.open-in-view is enabled by default. Therefore, database queries may be performed during view rendering. Explicitly configure spring.jpa.open-in-view to disable this warning
2026-03-13T15:00:06.207-03:00  INFO 13300 --- [bootcamp-films] [           main] o.s.b.a.w.s.WelcomePageHandlerMapping    : Adding welcome page template: index
2026-03-13T15:00:08.082-03:00  INFO 13300 --- [bootcamp-films] [           main] o.s.b.w.embedded.tomcat.TomcatWebServer  : Tomcat started on port 8080 (http) with context path ''
2026-03-13T15:00:08.497-03:00  INFO 13300 --- [bootcamp-films] [           main] c.e.b.BootcampFilmsApplication           : Started BootcampFilmsApplication in 13.749 seconds (process running for 14.687)
2026-03-13T15:00:30.579-03:00  INFO 13300 --- [bootcamp-films] [nio-8080-exec-1] o.a.c.c.C.[Tomcat].[localhost].[/]       : Initializing Spring DispatcherServlet 'dispatcherServlet'
2026-03-13T15:00:30.581-03:00  INFO 13300 --- [bootcamp-films] [nio-8080-exec-1] o.s.web.servlet.DispatcherServlet        : Initializing Servlet 'dispatcherServlet'
2026-03-13T15:00:30.584-03:00  INFO 13300 --- [bootcamp-films] [nio-8080-exec-1] o.s.web.servlet.DispatcherServlet        : Completed initialization in 2 ms
2026-03-13T15:00:30.760-03:00  WARN 13300 --- [bootcamp-films] [nio-8080-exec-1] .w.s.m.s.DefaultHandlerExceptionResolver : Resolved [org.springframework.http.converter.HttpMessageNotReadableException: JSON parse error: Unexpected character ('\' (code 92)): was expecting double-quote to start field name]
2026-03-13T15:00:39.513-03:00  WARN 13300 --- [bootcamp-films] [nio-8080-exec-4] .w.s.m.s.DefaultHandlerExceptionResolver : Resolved [org.springframework.http.converter.HttpMessageNotReadableException: JSON parse error: Unexpected character ('t' (code 116)): was expecting double-quote to start field name]
